Archive member included to satisfy reference by file (symbol)

c:/program files (x86)/atollic/truestudio for stm32 9.0.1/armtools/bin/../lib/gcc/arm-atollic-eabi/6.3.1/../../../../arm-atollic-eabi/lib/armv6-m\libc_nano.a(lib_a-init.o)
                              startup\startup_stm32l011xx.o (__libc_init_array)
c:/program files (x86)/atollic/truestudio for stm32 9.0.1/armtools/bin/../lib/gcc/arm-atollic-eabi/6.3.1/armv6-m\libgcc.a(_udivsi3.o)
                              Drivers\STM32L0xx_HAL_Driver\Src\stm32l0xx_ll_rcc.o (__aeabi_uidiv)
c:/program files (x86)/atollic/truestudio for stm32 9.0.1/armtools/bin/../lib/gcc/arm-atollic-eabi/6.3.1/armv6-m\libgcc.a(_dvmd_tls.o)
                              c:/program files (x86)/atollic/truestudio for stm32 9.0.1/armtools/bin/../lib/gcc/arm-atollic-eabi/6.3.1/armv6-m\libgcc.a(_udivsi3.o) (__aeabi_idiv0)
c:/program files (x86)/atollic/truestudio for stm32 9.0.1/armtools/bin/../lib/gcc/arm-atollic-eabi/6.3.1/armv6-m\libgcc.a(_aeabi_uldivmod.o)
                              Drivers\STM32L0xx_HAL_Driver\Src\stm32l0xx_ll_lpuart.o (__aeabi_uldivmod)
c:/program files (x86)/atollic/truestudio for stm32 9.0.1/armtools/bin/../lib/gcc/arm-atollic-eabi/6.3.1/armv6-m\libgcc.a(_udivmoddi4.o)
                              c:/program files (x86)/atollic/truestudio for stm32 9.0.1/armtools/bin/../lib/gcc/arm-atollic-eabi/6.3.1/armv6-m\libgcc.a(_aeabi_uldivmod.o) (__udivmoddi4)
c:/program files (x86)/atollic/truestudio for stm32 9.0.1/armtools/bin/../lib/gcc/arm-atollic-eabi/6.3.1/armv6-m\libgcc.a(_clzdi2.o)
                              c:/program files (x86)/atollic/truestudio for stm32 9.0.1/armtools/bin/../lib/gcc/arm-atollic-eabi/6.3.1/armv6-m\libgcc.a(_udivmoddi4.o) (__clzdi2)
c:/program files (x86)/atollic/truestudio for stm32 9.0.1/armtools/bin/../lib/gcc/arm-atollic-eabi/6.3.1/armv6-m\libgcc.a(_clzsi2.o)
                              c:/program files (x86)/atollic/truestudio for stm32 9.0.1/armtools/bin/../lib/gcc/arm-atollic-eabi/6.3.1/armv6-m\libgcc.a(_clzdi2.o) (__clzsi2)

Discarded input sections

 .text          0x00000000        0x0 c:/program files (x86)/atollic/truestudio for stm32 9.0.1/armtools/bin/../lib/gcc/arm-atollic-eabi/6.3.1/armv6-m/crti.o
 .data          0x00000000        0x0 c:/program files (x86)/atollic/truestudio for stm32 9.0.1/armtools/bin/../lib/gcc/arm-atollic-eabi/6.3.1/armv6-m/crti.o
 .bss           0x00000000        0x0 c:/program files (x86)/atollic/truestudio for stm32 9.0.1/armtools/bin/../lib/gcc/arm-atollic-eabi/6.3.1/armv6-m/crti.o
 .data          0x00000000        0x4 c:/program files (x86)/atollic/truestudio for stm32 9.0.1/armtools/bin/../lib/gcc/arm-atollic-eabi/6.3.1/armv6-m/crtbegin.o
 .text          0x00000000        0x0 Drivers\STM32L0xx_HAL_Driver\Src\stm32l0xx_ll_adc.o
 .data          0x00000000        0x0 Drivers\STM32L0xx_HAL_Driver\Src\stm32l0xx_ll_adc.o
 .bss           0x00000000        0x0 Drivers\STM32L0xx_HAL_Driver\Src\stm32l0xx_ll_adc.o
 .text.LL_ADC_SetCommonClock
                0x00000000       0x28 Drivers\STM32L0xx_HAL_Driver\Src\stm32l0xx_ll_adc.o
 .text.LL_ADC_REG_SetTriggerSource
                0x00000000       0x28 Drivers\STM32L0xx_HAL_Driver\Src\stm32l0xx_ll_adc.o
 .text.LL_ADC_Disable
                0x00000000       0x24 Drivers\STM32L0xx_HAL_Driver\Src\stm32l0xx_ll_adc.o
 .text.LL_ADC_IsEnabled
                0x00000000       0x20 Drivers\STM32L0xx_HAL_Driver\Src\stm32l0xx_ll_adc.o
 .text.LL_ADC_IsDisableOngoing
                0x00000000       0x20 Drivers\STM32L0xx_HAL_Driver\Src\stm32l0xx_ll_adc.o
 .text.LL_ADC_REG_StopConversion
                0x00000000       0x24 Drivers\STM32L0xx_HAL_Driver\Src\stm32l0xx_ll_adc.o
 .text.LL_ADC_REG_IsConversionOngoing
                0x00000000       0x20 Drivers\STM32L0xx_HAL_Driver\Src\stm32l0xx_ll_adc.o
 .text.LL_ADC_REG_IsStopConversionOngoing
                0x00000000       0x20 Drivers\STM32L0xx_HAL_Driver\Src\stm32l0xx_ll_adc.o
 .text.LL_APB2_GRP1_ForceReset
                0x00000000       0x20 Drivers\STM32L0xx_HAL_Driver\Src\stm32l0xx_ll_adc.o
 .text.LL_APB2_GRP1_ReleaseReset
                0x00000000       0x24 Drivers\STM32L0xx_HAL_Driver\Src\stm32l0xx_ll_adc.o
 .text.LL_ADC_CommonDeInit
                0x00000000       0x26 Drivers\STM32L0xx_HAL_Driver\Src\stm32l0xx_ll_adc.o
 .text.LL_ADC_CommonInit
                0x00000000       0x48 Drivers\STM32L0xx_HAL_Driver\Src\stm32l0xx_ll_adc.o
 .text.LL_ADC_CommonStructInit
                0x00000000       0x18 Drivers\STM32L0xx_HAL_Driver\Src\stm32l0xx_ll_adc.o
 .text.LL_ADC_DeInit
                0x00000000      0x170 Drivers\STM32L0xx_HAL_Driver\Src\stm32l0xx_ll_adc.o
 .text.LL_ADC_Init
                0x00000000       0x6c Drivers\STM32L0xx_HAL_Driver\Src\stm32l0xx_ll_adc.o
 .text.LL_ADC_StructInit
                0x00000000       0x2a Drivers\STM32L0xx_HAL_Driver\Src\stm32l0xx_ll_adc.o
 .text.LL_ADC_REG_Init
[...]
Memory Configuration

Name             Origin             Length             Attributes
FLASH            0x08000000         0x00004000         xr
RAM              0x20000000         0x00000800         xrw
MEMORY_B1        0x60000000         0x00000000         xr
*default*        0x00000000         0xffffffff

Linker script and memory map

LOAD c:/program files (x86)/atollic/truestudio for stm32 9.0.1/armtools/bin/../lib/gcc/arm-atollic-eabi/6.3.1/armv6-m/crti.o
LOAD c:/program files (x86)/atollic/truestudio for stm32 9.0.1/armtools/bin/../lib/gcc/arm-atollic-eabi/6.3.1/armv6-m/crtbegin.o
LOAD Drivers\STM32L0xx_HAL_Driver\Src\stm32l0xx_ll_adc.o
LOAD Drivers\STM32L0xx_HAL_Driver\Src\stm32l0xx_ll_comp.o
LOAD Drivers\STM32L0xx_HAL_Driver\Src\stm32l0xx_ll_crc.o
LOAD Drivers\STM32L0xx_HAL_Driver\Src\stm32l0xx_ll_crs.o
LOAD Drivers\STM32L0xx_HAL_Driver\Src\stm32l0xx_ll_dac.o
LOAD Drivers\STM32L0xx_HAL_Driver\Src\stm32l0xx_ll_dma.o
LOAD Drivers\STM32L0xx_HAL_Driver\Src\stm32l0xx_ll_exti.o
LOAD Drivers\STM32L0xx_HAL_Driver\Src\stm32l0xx_ll_gpio.o
LOAD Drivers\STM32L0xx_HAL_Driver\Src\stm32l0xx_ll_i2c.o
LOAD Drivers\STM32L0xx_HAL_Driver\Src\stm32l0xx_ll_lptim.o
LOAD Drivers\STM32L0xx_HAL_Driver\Src\stm32l0xx_ll_lpuart.o
LOAD Drivers\STM32L0xx_HAL_Driver\Src\stm32l0xx_ll_pwr.o
LOAD Drivers\STM32L0xx_HAL_Driver\Src\stm32l0xx_ll_rcc.o
LOAD Drivers\STM32L0xx_HAL_Driver\Src\stm32l0xx_ll_rng.o
LOAD Drivers\STM32L0xx_HAL_Driver\Src\stm32l0xx_ll_rtc.o
LOAD Drivers\STM32L0xx_HAL_Driver\Src\stm32l0xx_ll_spi.o
LOAD Drivers\STM32L0xx_HAL_Driver\Src\stm32l0xx_ll_tim.o
LOAD Drivers\STM32L0xx_HAL_Driver\Src\stm32l0xx_ll_usart.o
LOAD Drivers\STM32L0xx_HAL_Driver\Src\stm32l0xx_ll_usb.o
LOAD Drivers\STM32L0xx_HAL_Driver\Src\stm32l0xx_ll_utils.o
LOAD src\app.o
LOAD src\common_L0.o
LOAD src\hw.o
LOAD src\main.o
LOAD src\timer.o
LOAD startup\startup_stm32l011xx.o
LOAD startup\system_stm32l0xx.o
                0x00000080                malloc_getpagesize_P = 0x80
START GROUP
LOAD c:/program files (x86)/atollic/truestudio for stm32 9.0.1/armtools/bin/../lib/gcc/arm-atollic-eabi/6.3.1/../../../../arm-atollic-eabi/lib/armv6-m\libc_nano.a
LOAD c:/program files (x86)/atollic/truestudio for stm32 9.0.1/armtools/bin/../lib/gcc/arm-atollic-eabi/6.3.1/../../../../arm-atollic-eabi/lib/armv6-m\libm.a
END GROUP
START GROUP
LOAD c:/program files (x86)/atollic/truestudio for stm32 9.0.1/armtools/bin/../lib/gcc/arm-atollic-eabi/6.3.1/armv6-m\libgcc.a
LOAD c:/program files (x86)/atollic/truestudio for stm32 9.0.1/armtools/bin/../lib/gcc/arm-atollic-eabi/6.3.1/../../../../arm-atollic-eabi/lib/armv6-m\libc_nano.a
END GROUP
START GROUP
LOAD c:/program files (x86)/atollic/truestudio for stm32 9.0.1/armtools/bin/../lib/gcc/arm-atollic-eabi/6.3.1/armv6-m\libgcc.a
LOAD c:/program files (x86)/atollic/truestudio for stm32 9.0.1/armtools/bin/../lib/gcc/arm-atollic-eabi/6.3.1/../../../../arm-atollic-eabi/lib/armv6-m\libc_nano.a
LOAD c:/program files (x86)/atollic/truestudio for stm32 9.0.1/armtools/bin/../lib/gcc/arm-atollic-eabi/6.3.1/../../../../arm-atollic-eabi/lib/armv6-m\libnosys.a
END GROUP
START GROUP
LOAD c:/program files (x86)/atollic/truestudio for stm32 9.0.1/armtools/bin/../lib/gcc/arm-atollic-eabi/6.3.1/armv6-m\libgcc.a
LOAD c:/program files (x86)/atollic/truestudio for stm32 9.0.1/armtools/bin/../lib/gcc/arm-atollic-eabi/6.3.1/../../../../arm-atollic-eabi/lib/armv6-m\libc_nano.a
LOAD c:/program files (x86)/atollic/truestudio for stm32 9.0.1/armtools/bin/../lib/gcc/arm-atollic-eabi/6.3.1/../../../../arm-atollic-eabi/lib/armv6-m\libnosys.a
END GROUP
LOAD c:/program files (x86)/atollic/truestudio for stm32 9.0.1/armtools/bin/../lib/gcc/arm-atollic-eabi/6.3.1/armv6-m/crtend.o
LOAD c:/program files (x86)/atollic/truestudio for stm32 9.0.1/armtools/bin/../lib/gcc/arm-atollic-eabi/6.3.1/armv6-m/crtn.o
                0x20000800                _estack = 0x20000800
                0x00000000                _Min_Heap_Size = 0x0
                0x00000080                _Min_Stack_Size = 0x80

.isr_vector     0x08000000       0xc0
                0x08000000                . = ALIGN (0x4)
 *(.isr_vector)
 .isr_vector    0x08000000       0xc0 startup\startup_stm32l011xx.o
                0x08000000                g_pfnVectors
                0x080000c0                . = ALIGN (0x4)

.text           0x080000c0      0xa14
                0x080000c0                . = ALIGN (0x4)
 *(.text)
 .text          0x080000c0       0x48 c:/program files (x86)/atollic/truestudio for stm32 9.0.1/armtools/bin/../lib/gcc/arm-atollic-eabi/6.3.1/armv6-m/crtbegin.o
 .text          0x08000108      0x114 c:/program files (x86)/atollic/truestudio for stm32 9.0.1/armtools/bin/../lib/gcc/arm-atollic-eabi/6.3.1/armv6-m\libgcc.a(_udivsi3.o)
                0x08000108                __aeabi_uidiv
                0x08000108                __udivsi3
                0x08000214                __aeabi_uidivmod
 .text          0x0800021c        0x4 c:/program files (x86)/atollic/truestudio for stm32 9.0.1/armtools/bin/../lib/gcc/arm-atollic-eabi/6.3.1/armv6-m\libgcc.a(_dvmd_tls.o)
                0x0800021c                __aeabi_idiv0
                0x0800021c                __aeabi_ldiv0
 *(.text*)
 .text.App_Init
                0x08000220       0x2c src\app.o
                0x08000220                App_Init
 .text.App_Exec
                0x0800024c       0x54 src\app.o
                0x0800024c                App_Exec
 .text._FrameControl
                0x080002a0       0xa4 src\app.o
                0x080002a0                _FrameControl
 .text.App_TimCallback
                0x08000344       0x20 src\app.o
                0x08000344                App_TimCallback
 .text.LL_AHB1_GRP1_EnableClock
                0x08000364       0x2c src\hw.o
 .text.LL_AHB1_GRP1_DisableClock
                0x08000390       0x24 src\hw.o
 .text.LL_APB2_GRP1_EnableClock
                0x080003b4       0x2c src\hw.o
 .text.LL_APB2_GRP1_DisableClock
                0x080003e0       0x24 src\hw.o
 .text.LL_IOP_GRP1_EnableClock
                0x08000404       0x2c src\hw.o
 .text.LL_GPIO_SetPinMode
                0x08000430       0x3a src\hw.o
 .text.LL_GPIO_SetPinOutputType
                0x0800046a       0x2a src\hw.o
 .text.LL_ADC_SetCommonPathInternalCh
                0x08000494       0x28 src\hw.o
 .text.LL_ADC_SetClock
                0x080004bc       0x22 src\hw.o
 .text.LL_ADC_SetSamplingTimeCommonChannels
                0x080004de       0x24 src\hw.o
 *fill*         0x08000502        0x2 
 .text.LL_ADC_Enable
                0x08000504       0x24 src\hw.o
 .text.LL_ADC_Disable
                0x08000528       0x24 src\hw.o
 .text.LL_ADC_IsEnabled
                0x0800054c       0x20 src\hw.o
 .text.LL_ADC_REG_StartConversion
                0x0800056c       0x24 src\hw.o
 .text.LL_ADC_REG_ReadConversionData12
                0x08000590       0x16 src\hw.o
 .text.LL_ADC_IsActiveFlag_EOC
                0x080005a6       0x20 src\hw.o
 .text.HW_Init  0x080005c6       0x16 src\hw.o
                0x080005c6                HW_Init
 .text.HW_LedOnOff
                0x080005dc       0x14 src\hw.o
                0x080005dc                HW_LedOnOff
 .text._AD_Init
                0x080005f0       0x5c src\hw.o
                0x080005f0                _AD_Init
 .text._Gpio_Init
                0x0800064c       0x2c src\hw.o
                0x0800064c                _Gpio_Init
 .text.HW_GetTrueRandomNumber
                0x08000678       0xac src\hw.o
                0x08000678                HW_GetTrueRandomNumber
 .text.HW_PwmSet
                0x08000724       0x1e src\hw.o
                0x08000724                HW_PwmSet
 *fill*         0x08000742        0x2 
 .text.HW_SetTimCallback
                0x08000744       0x1c src\hw.o
                0x08000744                HW_SetTimCallback
 .text.main     0x08000760       0x14 src\main.o
                0x08000760                main
 .text.NVIC_SetPriority
                0x08000774       0xdc src\timer.o
 .text.SysTick_Config
                0x08000850       0x48 src\timer.o
 .text.Timer_Init
                0x08000898       0x30 src\timer.o
                0x08000898                Timer_Init
 .text.SysTick_Handler
                0x080008c8       0x4c src\timer.o
                0x080008c8                SysTick_Handler
 .text.TimerUs_init
                0x08000914       0x1c src\timer.o
                0x08000914                TimerUs_init
 .text.TimerUs_get_microseconds
                0x08000930       0x14 src\timer.o
                0x08000930                TimerUs_get_microseconds
 .text.TimerUs_delay
                0x08000944       0x3e src\timer.o
                0x08000944                TimerUs_delay
 *fill*         0x08000982        0x2 
 .text.Reset_Handler
                0x08000984       0x70 startup\startup_stm32l011xx.o
                0x08000984                Reset_Handler
 .text.Default_Handler
                0x080009f4        0x2 startup\startup_stm32l011xx.o
                0x080009f4                HardFault_Handler
                0x080009f4                ADC1_COMP_IRQHandler
                0x080009f4                PVD_IRQHandler
                0x080009f4                PendSV_Handler
                0x080009f4                NMI_Handler
                0x080009f4                I2C1_IRQHandler
                0x080009f4                SPI1_IRQHandler
                0x080009f4                EXTI2_3_IRQHandler
                0x080009f4                RTC_IRQHandler
                0x080009f4                DMA1_Channel4_5_6_7_IRQHandler
                0x080009f4                EXTI4_15_IRQHandler
                0x080009f4                RCC_IRQHandler
                0x080009f4                DMA1_Channel1_IRQHandler
                0x080009f4                Default_Handler
                0x080009f4                EXTI0_1_IRQHandler
                0x080009f4                SVC_Handler
                0x080009f4                TIM21_IRQHandler
                0x080009f4                WWDG_IRQHandler
                0x080009f4                LPUART1_IRQHandler
                0x080009f4                TIM2_IRQHandler
                0x080009f4                DMA1_Channel2_3_IRQHandler
                0x080009f4                USART2_IRQHandler
                0x080009f4                FLASH_IRQHandler
                0x080009f4                LPTIM1_IRQHandler
 *fill*         0x080009f6        0x2 
 .text.SystemInit
                0x080009f8       0x7c startup\system_stm32l0xx.o
                0x080009f8                SystemInit
 .text.__libc_init_array
                0x08000a74       0x48 c:/program files (x86)/atollic/truestudio for stm32 9.0.1/armtools/bin/../lib/gcc/arm-atollic-eabi/6.3.1/../../../../arm-atollic-eabi/lib/armv6-m\libc_nano.a(lib_a-init.o)
                0x08000a74                __libc_init_array
 *(.glue_7)
 .glue_7        0x08000abc        0x0 linker stubs
 *(.glue_7t)
 .glue_7t       0x08000abc        0x0 linker stubs
 *(.eh_frame)
 .eh_frame      0x08000abc        0x0 c:/program files (x86)/atollic/truestudio for stm32 9.0.1/armtools/bin/../lib/gcc/arm-atollic-eabi/6.3.1/armv6-m/crtbegin.o
 *(.init)
 .init          0x08000abc        0x4 c:/program files (x86)/atollic/truestudio for stm32 9.0.1/armtools/bin/../lib/gcc/arm-atollic-eabi/6.3.1/armv6-m/crti.o
                0x08000abc                _init
 .init          0x08000ac0        0x8 c:/program files (x86)/atollic/truestudio for stm32 9.0.1/armtools/bin/../lib/gcc/arm-atollic-eabi/6.3.1/armv6-m/crtn.o
 *(.fini)
 .fini          0x08000ac8        0x4 c:/program files (x86)/atollic/truestudio for stm32 9.0.1/armtools/bin/../lib/gcc/arm-atollic-eabi/6.3.1/armv6-m/crti.o
                0x08000ac8                _fini
 .fini          0x08000acc        0x8 c:/program files (x86)/atollic/truestudio for stm32 9.0.1/armtools/bin/../lib/gcc/arm-atollic-eabi/6.3.1/armv6-m/crtn.o
                0x08000ad4                . = ALIGN (0x4)
                0x08000ad4                _etext = .

.vfp11_veneer   0x08000ad4        0x0
 .vfp11_veneer  0x08000ad4        0x0 linker stubs

.v4_bx          0x08000ad4        0x0
 .v4_bx         0x08000ad4        0x0 linker stubs

.iplt           0x08000ad4        0x0
 .iplt          0x08000ad4        0x0 c:/program files (x86)/atollic/truestudio for stm32 9.0.1/armtools/bin/../lib/gcc/arm-atollic-eabi/6.3.1/armv6-m/crtbegin.o

.rel.dyn        0x08000ad4        0x0
 .rel.iplt      0x08000ad4        0x0 c:/program files (x86)/atollic/truestudio for stm32 9.0.1/armtools/bin/../lib/gcc/arm-atollic-eabi/6.3.1/armv6-m/crtbegin.o

.rodata         0x08000ad4        0x0
                0x08000ad4                . = ALIGN (0x4)
 *(.rodata)
 *(.rodata*)
                0x08000ad4                . = ALIGN (0x4)

.ARM.extab
 *(.ARM.extab* .gnu.linkonce.armextab.*)

.ARM            0x08000ad4        0x0
                0x08000ad4                __exidx_start = .
 *(.ARM.exidx*)
                0x08000ad4                __exidx_end = .

.preinit_array  0x08000ad4        0x0
                0x08000ad4                PROVIDE (__preinit_array_start, .)
 *(.preinit_array*)
                0x08000ad4                PROVIDE (__preinit_array_end, .)

.init_array     0x08000ad4        0x4
                0x08000ad4                PROVIDE (__init_array_start, .)
 *(SORT(.init_array.*))
 *(.init_array*)
 .init_array    0x08000ad4        0x4 c:/program files (x86)/atollic/truestudio for stm32 9.0.1/armtools/bin/../lib/gcc/arm-atollic-eabi/6.3.1/armv6-m/crtbegin.o
                0x08000ad8                PROVIDE (__init_array_end, .)

.fini_array     0x08000ad8        0x4
                [!provide]                PROVIDE (__fini_array_start, .)
 *(SORT(.fini_array.*))
 *(.fini_array*)
 .fini_array    0x08000ad8        0x4 c:/program files (x86)/atollic/truestudio for stm32 9.0.1/armtools/bin/../lib/gcc/arm-atollic-eabi/6.3.1/armv6-m/crtbegin.o
                [!provide]                PROVIDE (__fini_array_end, .)
                0x08000adc                _sidata = LOADADDR (.data)

.data           0x20000000        0x4 load address 0x08000adc
                0x20000000                . = ALIGN (0x4)
                0x20000000                _sdata = .
 *(.data)
 *(.data*)
 .data.SystemCoreClock
                0x20000000        0x4 startup\system_stm32l0xx.o
                0x20000000                SystemCoreClock
                0x20000004                . = ALIGN (0x4)
                0x20000004                _edata = .

.igot.plt       0x20000004        0x0 load address 0x08000ae0
 .igot.plt      0x20000004        0x0 c:/program files (x86)/atollic/truestudio for stm32 9.0.1/armtools/bin/../lib/gcc/arm-atollic-eabi/6.3.1/armv6-m/crtbegin.o
                0x20000004                . = ALIGN (0x4)

.bss            0x20000008       0x3c load address 0x08000ae0
                0x20000008                _sbss = .
                0x20000008                __bss_start__ = _sbss
 *(.bss)
 .bss           0x20000008       0x1c c:/program files (x86)/atollic/truestudio for stm32 9.0.1/armtools/bin/../lib/gcc/arm-atollic-eabi/6.3.1/armv6-m/crtbegin.o
 *(.bss*)
 .bss.g_nFrameCtrl
                0x20000024        0x1 src\app.o
                0x20000024                g_nFrameCtrl
 .bss.g_nPwmValue
                0x20000025        0x1 src\app.o
                0x20000025                g_nPwmValue
 .bss.g_nNextBright
                0x20000026        0x1 src\app.o
                0x20000026                g_nNextBright
 .bss.g_nRand   0x20000027        0x1 src\app.o
                0x20000027                g_nRand
 .bss.g_nRandFlag
                0x20000028        0x1 src\app.o
                0x20000028                g_nRandFlag
 *fill*         0x20000029        0x3 
 .bss.g_pTimCb  0x2000002c        0x4 src\hw.o
                0x2000002c                g_pTimCb
 .bss.nDelayTimer
                0x20000030        0x4 src\timer.o
 *fill*         0x20000034        0x4 
 .bss.g_nTicks  0x20000038        0x8 src\timer.o
 .bss.pSysTickCallback
                0x20000040        0x4 src\timer.o
                0x20000040                pSysTickCallback
 *(COMMON)
                0x20000044                . = ALIGN (0x4)
                0x20000044                _ebss = .
                0x20000044                __bss_end__ = _ebss

._user_heap_stack
                0x20000044       0x80 load address 0x08000ae0
                0x20000044                . = ALIGN (0x4)
                [!provide]                PROVIDE (end, .)
                [!provide]                PROVIDE (_end, .)
                0x20000044                . = (. + _Min_Heap_Size)
                0x200000c4                . = (. + _Min_Stack_Size)
 *fill*         0x20000044       0x80 
                0x200000c4                . = ALIGN (0x4)

.memory_b1_text
 *(.mb1text)
 *(.mb1text*)
 *(.mb1rodata)
 *(.mb1rodata*)

/DISCARD/
 libc.a(*)
 libm.a(*)
 libgcc.a(*)

.ARM.attributes
                0x00000000       0x28
 *(.ARM.attributes)
 .ARM.attributes
                0x00000000       0x1e c:/program files (x86)/atollic/truestudio for stm32 9.0.1/armtools/bin/../lib/gcc/arm-atollic-eabi/6.3.1/armv6-m/crti.o
 .ARM.attributes
                0x0000001e       0x2c c:/program files (x86)/atollic/truestudio for stm32 9.0.1/armtools/bin/../lib/gcc/arm-atollic-eabi/6.3.1/armv6-m/crtbegin.o
 .ARM.attributes
                0x0000004a       0x32 src\app.o
 .ARM.attributes
                0x0000007c       0x32 src\hw.o
 .ARM.attributes
                0x000000ae       0x32 src\main.o
 .ARM.attributes
                0x000000e0       0x32 src\timer.o
 .ARM.attributes
                0x00000112       0x22 startup\startup_stm32l011xx.o
 .ARM.attributes
                0x00000134       0x32 startup\system_stm32l0xx.o
 .ARM.attributes
                0x00000166       0x2c c:/program files (x86)/atollic/truestudio for stm32 9.0.1/armtools/bin/../lib/gcc/arm-atollic-eabi/6.3.1/../../../../arm-atollic-eabi/lib/armv6-m\libc_nano.a(lib_a-init.o)
 .ARM.attributes
                0x00000192       0x1e c:/program files (x86)/atollic/truestudio for stm32 9.0.1/armtools/bin/../lib/gcc/arm-atollic-eabi/6.3.1/armv6-m\libgcc.a(_udivsi3.o)
 .ARM.attributes
                0x000001b0       0x1e c:/program files (x86)/atollic/truestudio for stm32 9.0.1/armtools/bin/../lib/gcc/arm-atollic-eabi/6.3.1/armv6-m\libgcc.a(_dvmd_tls.o)
 .ARM.attributes
                0x000001ce       0x1e c:/program files (x86)/atollic/truestudio for stm32 9.0.1/armtools/bin/../lib/gcc/arm-atollic-eabi/6.3.1/armv6-m/crtn.o
OUTPUT(Candle_l0.elf elf32-littlearm)

.debug_info     0x00000000     0x2276
 .debug_info    0x00000000      0x4cb src\app.o
 .debug_info    0x000004cb     0x10af src\hw.o
 .debug_info    0x0000157a      0x12b src\main.o
 .debug_info    0x000016a5      0x7c2 src\timer.o
 .debug_info    0x00001e67       0x8f startup\startup_stm32l011xx.o
 .debug_info    0x00001ef6      0x380 startup\system_stm32l0xx.o

.debug_abbrev   0x00000000      0x75d
 .debug_abbrev  0x00000000      0x142 src\app.o
 .debug_abbrev  0x00000142      0x26c src\hw.o
 .debug_abbrev  0x000003ae       0x7b src\main.o
 .debug_abbrev  0x00000429      0x225 src\timer.o
 .debug_abbrev  0x0000064e       0x12 startup\startup_stm32l011xx.o
 .debug_abbrev  0x00000660       0xfd startup\system_stm32l0xx.o

.debug_aranges  0x00000000      0x238
 .debug_aranges
                0x00000000       0x48 src\app.o
 .debug_aranges
                0x00000048      0x100 src\hw.o
 .debug_aranges
                0x00000148       0x20 src\main.o
 .debug_aranges
                0x00000168       0x80 src\timer.o
 .debug_aranges
                0x000001e8       0x28 startup\startup_stm32l011xx.o
 .debug_aranges
                0x00000210       0x28 startup\system_stm32l0xx.o

.debug_ranges   0x00000000      0x1e0
 .debug_ranges  0x00000000       0x38 src\app.o
 .debug_ranges  0x00000038       0xf0 src\hw.o
 .debug_ranges  0x00000128       0x10 src\main.o
 .debug_ranges  0x00000138       0x70 src\timer.o
 .debug_ranges  0x000001a8       0x20 startup\startup_stm32l011xx.o
 .debug_ranges  0x000001c8       0x18 startup\system_stm32l0xx.o

.debug_line     0x00000000      0xe5e
 .debug_line    0x00000000      0x238 src\app.o
 .debug_line    0x00000238      0x538 src\hw.o
 .debug_line    0x00000770      0x168 src\main.o
 .debug_line    0x000008d8      0x30c src\timer.o
 .debug_line    0x00000be4       0x95 startup\startup_stm32l011xx.o
 .debug_line    0x00000c79      0x1e5 startup\system_stm32l0xx.o

.debug_str      0x00000000      0xc68
 .debug_str     0x00000000      0x367 src\app.o
                                0x3ac (size before relaxing)
 .debug_str     0x00000367      0x748 src\hw.o
                                0x9e2 (size before relaxing)
 .debug_str     0x00000aaf       0x1f src\main.o
                                0x1fc (size before relaxing)
 .debug_str     0x00000ace      0x13a src\timer.o
                                0x62a (size before relaxing)
 .debug_str     0x00000c08       0x60 startup\system_stm32l0xx.o
                                0x304 (size before relaxing)

.comment        0x00000000       0x7c
 .comment       0x00000000       0x7c src\app.o
                                 0x7d (size before relaxing)
 .comment       0x0000007c       0x7d src\hw.o
 .comment       0x0000007c       0x7d src\main.o
 .comment       0x0000007c       0x7d src\timer.o
 .comment       0x0000007c       0x7d startup\system_stm32l0xx.o

.debug_frame    0x00000000      0x6c0
 .debug_frame   0x00000000       0xbc src\app.o
 .debug_frame   0x000000bc      0x3a4 src\hw.o
 .debug_frame   0x00000460       0x2c src\main.o
 .debug_frame   0x0000048c      0x19c src\timer.o
 .debug_frame   0x00000628       0x4c startup\system_stm32l0xx.o
 .debug_frame   0x00000674       0x2c c:/program files (x86)/atollic/truestudio for stm32 9.0.1/armtools/bin/../lib/gcc/arm-atollic-eabi/6.3.1/../../../../arm-atollic-eabi/lib/armv6-m\libc_nano.a(lib_a-init.o)
 .debug_frame   0x000006a0       0x20 c:/program files (x86)/atollic/truestudio for stm32 9.0.1/armtools/bin/../lib/gcc/arm-atollic-eabi/6.3.1/armv6-m\libgcc.a(_udivsi3.o)

Cross Reference Table

Symbol                                            File
ADC1_COMP_IRQHandler                              startup\startup_stm32l011xx.o
AHBPrescTable                                     startup\system_stm32l0xx.o
                                                  Drivers\STM32L0xx_HAL_Driver\Src\stm32l0xx_ll_utils.o
                                                  Drivers\STM32L0xx_HAL_Driver\Src\stm32l0xx_ll_rcc.o
APBPrescTable                                     startup\system_stm32l0xx.o
                                                  Drivers\STM32L0xx_HAL_Driver\Src\stm32l0xx_ll_rcc.o
App_Exec                                          src\app.o
                                                  src\main.o
App_Init                                          src\app.o
                                                  src\main.o
App_TimCallback                                   src\app.o
DMA1_Channel1_IRQHandler                          startup\startup_stm32l011xx.o
DMA1_Channel2_3_IRQHandler                        startup\startup_stm32l011xx.o
DMA1_Channel4_5_6_7_IRQHandler                    startup\startup_stm32l011xx.o
Default_Handler                                   startup\startup_stm32l011xx.o
EXTI0_1_IRQHandler                                startup\startup_stm32l011xx.o
EXTI2_3_IRQHandler                                startup\startup_stm32l011xx.o
EXTI4_15_IRQHandler                               startup\startup_stm32l011xx.o
FLASH_IRQHandler                                  startup\startup_stm32l011xx.o
GPIO_ClockDisable                                 src\common_L0.o
GPIO_ClockEnable                                  src\common_L0.o
GPIO_GetPin                                       src\common_L0.o
GPIO_GetPinSource                                 src\common_L0.o
GPIO_GetPort                                      src\common_L0.o
GPIO_SetAFpin                                     src\common_L0.o
HW_GetTrueRandomNumber                            src\hw.o
                                                  src\app.o
HW_Init                                           src\hw.o
                                                  src\app.o
HW_LedOnOff                                       src\hw.o
                                                  src\app.o
HW_PwmSet                                         src\hw.o
                                                  src\app.o
HW_SetTimCallback                                 src\hw.o
                                                  src\app.o
HardFault_Handler                                 startup\startup_stm32l011xx.o
I2C1_IRQHandler                                   startup\startup_stm32l011xx.o
LL_ADC_CommonDeInit                               Drivers\STM32L0xx_HAL_Driver\Src\stm32l0xx_ll_adc.o
LL_ADC_CommonInit                                 Drivers\STM32L0xx_HAL_Driver\Src\stm32l0xx_ll_adc.o
LL_ADC_CommonStructInit                           Drivers\STM32L0xx_HAL_Driver\Src\stm32l0xx_ll_adc.o
LL_ADC_DeInit                                     Drivers\STM32L0xx_HAL_Driver\Src\stm32l0xx_ll_adc.o
LL_ADC_Init                                       Drivers\STM32L0xx_HAL_Driver\Src\stm32l0xx_ll_adc.o
LL_ADC_REG_Init                                   Drivers\STM32L0xx_HAL_Driver\Src\stm32l0xx_ll_adc.o
LL_ADC_REG_StructInit                             Drivers\STM32L0xx_HAL_Driver\Src\stm32l0xx_ll_adc.o
LL_ADC_StructInit                                 Drivers\STM32L0xx_HAL_Driver\Src\stm32l0xx_ll_adc.o
LL_COMP_DeInit                                    Drivers\STM32L0xx_HAL_Driver\Src\stm32l0xx_ll_comp.o
LL_COMP_Init                                      Drivers\STM32L0xx_HAL_Driver\Src\stm32l0xx_ll_comp.o
LL_COMP_StructInit                                Drivers\STM32L0xx_HAL_Driver\Src\stm32l0xx_ll_comp.o
LL_CRC_DeInit                                     Drivers\STM32L0xx_HAL_Driver\Src\stm32l0xx_ll_crc.o
LL_DMA_DeInit                                     Drivers\STM32L0xx_HAL_Driver\Src\stm32l0xx_ll_dma.o
LL_DMA_Init                                       Drivers\STM32L0xx_HAL_Driver\Src\stm32l0xx_ll_dma.o
LL_DMA_StructInit                                 Drivers\STM32L0xx_HAL_Driver\Src\stm32l0xx_ll_dma.o
LL_EXTI_DeInit                                    Drivers\STM32L0xx_HAL_Driver\Src\stm32l0xx_ll_exti.o
LL_EXTI_Init                                      Drivers\STM32L0xx_HAL_Driver\Src\stm32l0xx_ll_exti.o
LL_EXTI_StructInit                                Drivers\STM32L0xx_HAL_Driver\Src\stm32l0xx_ll_exti.o
LL_GPIO_DeInit                                    Drivers\STM32L0xx_HAL_Driver\Src\stm32l0xx_ll_gpio.o
LL_GPIO_Init                                      Drivers\STM32L0xx_HAL_Driver\Src\stm32l0xx_ll_gpio.o
LL_GPIO_StructInit                                Drivers\STM32L0xx_HAL_Driver\Src\stm32l0xx_ll_gpio.o
LL_I2C_DeInit                                     Drivers\STM32L0xx_HAL_Driver\Src\stm32l0xx_ll_i2c.o
LL_I2C_Init                                       Drivers\STM32L0xx_HAL_Driver\Src\stm32l0xx_ll_i2c.o
LL_I2C_StructInit                                 Drivers\STM32L0xx_HAL_Driver\Src\stm32l0xx_ll_i2c.o
LL_Init1msTick                                    Drivers\STM32L0xx_HAL_Driver\Src\stm32l0xx_ll_utils.o
LL_LPTIM_DeInit                                   Drivers\STM32L0xx_HAL_Driver\Src\stm32l0xx_ll_lptim.o
LL_LPTIM_Disable                                  Drivers\STM32L0xx_HAL_Driver\Src\stm32l0xx_ll_lptim.o
LL_LPTIM_Init                                     Drivers\STM32L0xx_HAL_Driver\Src\stm32l0xx_ll_lptim.o
LL_LPTIM_StructInit                               Drivers\STM32L0xx_HAL_Driver\Src\stm32l0xx_ll_lptim.o
LL_LPUART_DeInit                                  Drivers\STM32L0xx_HAL_Driver\Src\stm32l0xx_ll_lpuart.o
LL_LPUART_Init                                    Drivers\STM32L0xx_HAL_Driver\Src\stm32l0xx_ll_lpuart.o
LL_LPUART_StructInit                              Drivers\STM32L0xx_HAL_Driver\Src\stm32l0xx_ll_lpuart.o
LL_PLL_ConfigSystemClock_HSE                      Drivers\STM32L0xx_HAL_Driver\Src\stm32l0xx_ll_utils.o
LL_PLL_ConfigSystemClock_HSI                      Drivers\STM32L0xx_HAL_Driver\Src\stm32l0xx_ll_utils.o
LL_PWR_DeInit                                     Drivers\STM32L0xx_HAL_Driver\Src\stm32l0xx_ll_pwr.o
LL_RCC_DeInit                                     Drivers\STM32L0xx_HAL_Driver\Src\stm32l0xx_ll_rcc.o
LL_RCC_GetI2CClockFreq                            Drivers\STM32L0xx_HAL_Driver\Src\stm32l0xx_ll_rcc.o
LL_RCC_GetLPTIMClockFreq                          Drivers\STM32L0xx_HAL_Driver\Src\stm32l0xx_ll_rcc.o
LL_RCC_GetLPUARTClockFreq                         Drivers\STM32L0xx_HAL_Driver\Src\stm32l0xx_ll_rcc.o
                                                  Drivers\STM32L0xx_HAL_Driver\Src\stm32l0xx_ll_lpuart.o
LL_RCC_GetSystemClocksFreq                        Drivers\STM32L0xx_HAL_Driver\Src\stm32l0xx_ll_rcc.o
                                                  src\hw.o
                                                  Drivers\STM32L0xx_HAL_Driver\Src\stm32l0xx_ll_lptim.o
LL_RCC_GetUSARTClockFreq                          Drivers\STM32L0xx_HAL_Driver\Src\stm32l0xx_ll_rcc.o
                                                  Drivers\STM32L0xx_HAL_Driver\Src\stm32l0xx_ll_usart.o
LL_RTC_ALMA_Init                                  Drivers\STM32L0xx_HAL_Driver\Src\stm32l0xx_ll_rtc.o
LL_RTC_ALMA_StructInit                            Drivers\STM32L0xx_HAL_Driver\Src\stm32l0xx_ll_rtc.o
LL_RTC_ALMB_Init                                  Drivers\STM32L0xx_HAL_Driver\Src\stm32l0xx_ll_rtc.o
LL_RTC_ALMB_StructInit                            Drivers\STM32L0xx_HAL_Driver\Src\stm32l0xx_ll_rtc.o
LL_RTC_DATE_Init                                  Drivers\STM32L0xx_HAL_Driver\Src\stm32l0xx_ll_rtc.o
LL_RTC_DATE_StructInit                            Drivers\STM32L0xx_HAL_Driver\Src\stm32l0xx_ll_rtc.o
LL_RTC_DeInit                                     Drivers\STM32L0xx_HAL_Driver\Src\stm32l0xx_ll_rtc.o
LL_RTC_EnterInitMode                              Drivers\STM32L0xx_HAL_Driver\Src\stm32l0xx_ll_rtc.o
LL_RTC_ExitInitMode                               Drivers\STM32L0xx_HAL_Driver\Src\stm32l0xx_ll_rtc.o
LL_RTC_Init                                       Drivers\STM32L0xx_HAL_Driver\Src\stm32l0xx_ll_rtc.o
LL_RTC_StructInit                                 Drivers\STM32L0xx_HAL_Driver\Src\stm32l0xx_ll_rtc.o
LL_RTC_TIME_Init                                  Drivers\STM32L0xx_HAL_Driver\Src\stm32l0xx_ll_rtc.o
LL_RTC_TIME_StructInit                            Drivers\STM32L0xx_HAL_Driver\Src\stm32l0xx_ll_rtc.o
LL_RTC_WaitForSynchro                             Drivers\STM32L0xx_HAL_Driver\Src\stm32l0xx_ll_rtc.o
LL_SPI_DeInit                                     Drivers\STM32L0xx_HAL_Driver\Src\stm32l0xx_ll_spi.o
LL_SPI_Init                                       Drivers\STM32L0xx_HAL_Driver\Src\stm32l0xx_ll_spi.o
LL_SPI_StructInit                                 Drivers\STM32L0xx_HAL_Driver\Src\stm32l0xx_ll_spi.o
LL_SetSystemCoreClock                             Drivers\STM32L0xx_HAL_Driver\Src\stm32l0xx_ll_utils.o
LL_TIM_DeInit                                     Drivers\STM32L0xx_HAL_Driver\Src\stm32l0xx_ll_tim.o
LL_TIM_ENCODER_Init                               Drivers\STM32L0xx_HAL_Driver\Src\stm32l0xx_ll_tim.o
LL_TIM_ENCODER_StructInit                         Drivers\STM32L0xx_HAL_Driver\Src\stm32l0xx_ll_tim.o
LL_TIM_IC_Init                                    Drivers\STM32L0xx_HAL_Driver\Src\stm32l0xx_ll_tim.o
LL_TIM_IC_StructInit                              Drivers\STM32L0xx_HAL_Driver\Src\stm32l0xx_ll_tim.o
LL_TIM_Init                                       Drivers\STM32L0xx_HAL_Driver\Src\stm32l0xx_ll_tim.o
LL_TIM_OC_Init                                    Drivers\STM32L0xx_HAL_Driver\Src\stm32l0xx_ll_tim.o
LL_TIM_OC_StructInit                              Drivers\STM32L0xx_HAL_Driver\Src\stm32l0xx_ll_tim.o
LL_TIM_StructInit                                 Drivers\STM32L0xx_HAL_Driver\Src\stm32l0xx_ll_tim.o
LL_USART_ClockInit                                Drivers\STM32L0xx_HAL_Driver\Src\stm32l0xx_ll_usart.o
LL_USART_ClockStructInit                          Drivers\STM32L0xx_HAL_Driver\Src\stm32l0xx_ll_usart.o
LL_USART_DeInit                                   Drivers\STM32L0xx_HAL_Driver\Src\stm32l0xx_ll_usart.o
LL_USART_Init                                     Drivers\STM32L0xx_HAL_Driver\Src\stm32l0xx_ll_usart.o
LL_USART_StructInit                               Drivers\STM32L0xx_HAL_Driver\Src\stm32l0xx_ll_usart.o
LL_mDelay                                         Drivers\STM32L0xx_HAL_Driver\Src\stm32l0xx_ll_utils.o
LPTIM1_IRQHandler                                 startup\startup_stm32l011xx.o
LPUART1_IRQHandler                                startup\startup_stm32l011xx.o
NMI_Handler                                       startup\startup_stm32l011xx.o
PLLMulTable                                       startup\system_stm32l0xx.o
                                                  Drivers\STM32L0xx_HAL_Driver\Src\stm32l0xx_ll_utils.o
                                                  Drivers\STM32L0xx_HAL_Driver\Src\stm32l0xx_ll_rcc.o
PVD_IRQHandler                                    startup\startup_stm32l011xx.o
PendSV_Handler                                    startup\startup_stm32l011xx.o
RCC_GetHCLKClockFreq                              Drivers\STM32L0xx_HAL_Driver\Src\stm32l0xx_ll_rcc.o
RCC_GetPCLK1ClockFreq                             Drivers\STM32L0xx_HAL_Driver\Src\stm32l0xx_ll_rcc.o
RCC_GetPCLK2ClockFreq                             Drivers\STM32L0xx_HAL_Driver\Src\stm32l0xx_ll_rcc.o
RCC_GetSystemClockFreq                            Drivers\STM32L0xx_HAL_Driver\Src\stm32l0xx_ll_rcc.o
RCC_IRQHandler                                    startup\startup_stm32l011xx.o
RCC_PLL_GetFreqDomain_SYS                         Drivers\STM32L0xx_HAL_Driver\Src\stm32l0xx_ll_rcc.o
RTC_IRQHandler                                    startup\startup_stm32l011xx.o
Reset_Handler                                     startup\startup_stm32l011xx.o
SPI1_IRQHandler                                   startup\startup_stm32l011xx.o
SVC_Handler                                       startup\startup_stm32l011xx.o
SleepMode                                         src\app.o
StopMode                                          src\app.o
SysTick_Handler                                   src\timer.o
SystemCoreClock                                   startup\system_stm32l0xx.o
                                                  src\timer.o
                                                  Drivers\STM32L0xx_HAL_Driver\Src\stm32l0xx_ll_utils.o
SystemCoreClockUpdate                             startup\system_stm32l0xx.o
SystemInit                                        startup\system_stm32l0xx.o
                                                  startup\startup_stm32l011xx.o
TIM21_IRQHandler                                  startup\startup_stm32l011xx.o
TIM2_IRQHandler                                   startup\startup_stm32l011xx.o
TIM3_IRQHandler                                   src\hw.o
TimerUs_clear                                     src\timer.o
TimerUs_delay                                     src\timer.o
                                                  src\app.o
TimerUs_get_microseconds                          src\timer.o
TimerUs_init                                      src\timer.o
TimerUs_start                                     src\timer.o
TimerUs_stop                                      src\timer.o
Timer_Delay_ms                                    src\timer.o
Timer_GetTicks_ms                                 src\timer.o
Timer_Init                                        src\timer.o
                                                  src\hw.o
Timer_SetSysTickCallback                          src\timer.o
USART2_IRQHandler                                 startup\startup_stm32l011xx.o
WWDG_IRQHandler                                   startup\startup_stm32l011xx.o
_AD_Init                                          src\hw.o
_FrameControl                                     src\app.o
_Gpio_Init                                        src\hw.o
_PwmInit                                          src\hw.o
__aeabi_idiv0                                     c:/program files (x86)/atollic/truestudio for stm32 9.0.1/armtools/bin/../lib/gcc/arm-atollic-eabi/6.3.1/armv6-m\libgcc.a(_dvmd_tls.o)
                                                  c:/program files (x86)/atollic/truestudio for stm32 9.0.1/armtools/bin/../lib/gcc/arm-atollic-eabi/6.3.1/armv6-m\libgcc.a(_udivsi3.o)
__aeabi_ldiv0                                     c:/program files (x86)/atollic/truestudio for stm32 9.0.1/armtools/bin/../lib/gcc/arm-atollic-eabi/6.3.1/armv6-m\libgcc.a(_dvmd_tls.o)
                                                  c:/program files (x86)/atollic/truestudio for stm32 9.0.1/armtools/bin/../lib/gcc/arm-atollic-eabi/6.3.1/armv6-m\libgcc.a(_aeabi_uldivmod.o)
__aeabi_uidiv                                     c:/program files (x86)/atollic/truestudio for stm32 9.0.1/armtools/bin/../lib/gcc/arm-atollic-eabi/6.3.1/armv6-m\libgcc.a(_udivsi3.o)
                                                  startup\system_stm32l0xx.o
                                                  src\timer.o
                                                  src\hw.o
                                                  Drivers\STM32L0xx_HAL_Driver\Src\stm32l0xx_ll_utils.o
                                                  Drivers\STM32L0xx_HAL_Driver\Src\stm32l0xx_ll_usart.o
                                                  Drivers\STM32L0xx_HAL_Driver\Src\stm32l0xx_ll_rtc.o
                                                  Drivers\STM32L0xx_HAL_Driver\Src\stm32l0xx_ll_rcc.o
__aeabi_uidivmod                                  c:/program files (x86)/atollic/truestudio for stm32 9.0.1/armtools/bin/../lib/gcc/arm-atollic-eabi/6.3.1/armv6-m\libgcc.a(_udivsi3.o)
                                                  Drivers\STM32L0xx_HAL_Driver\Src\stm32l0xx_ll_rtc.o
__aeabi_uldivmod                                  c:/program files (x86)/atollic/truestudio for stm32 9.0.1/armtools/bin/../lib/gcc/arm-atollic-eabi/6.3.1/armv6-m\libgcc.a(_aeabi_uldivmod.o)
                                                  Drivers\STM32L0xx_HAL_Driver\Src\stm32l0xx_ll_lpuart.o
__clzdi2                                          c:/program files (x86)/atollic/truestudio for stm32 9.0.1/armtools/bin/../lib/gcc/arm-atollic-eabi/6.3.1/armv6-m\libgcc.a(_clzdi2.o)
                                                  c:/program files (x86)/atollic/truestudio for stm32 9.0.1/armtools/bin/../lib/gcc/arm-atollic-eabi/6.3.1/armv6-m\libgcc.a(_udivmoddi4.o)
__clzsi2                                          c:/program files (x86)/atollic/truestudio for stm32 9.0.1/armtools/bin/../lib/gcc/arm-atollic-eabi/6.3.1/armv6-m\libgcc.a(_clzsi2.o)
                                                  c:/program files (x86)/atollic/truestudio for stm32 9.0.1/armtools/bin/../lib/gcc/arm-atollic-eabi/6.3.1/armv6-m\libgcc.a(_clzdi2.o)
__deregister_frame_info                           c:/program files (x86)/atollic/truestudio for stm32 9.0.1/armtools/bin/../lib/gcc/arm-atollic-eabi/6.3.1/armv6-m/crtbegin.o
__dso_handle                                      c:/program files (x86)/atollic/truestudio for stm32 9.0.1/armtools/bin/../lib/gcc/arm-atollic-eabi/6.3.1/armv6-m/crtbegin.o
__init_array_end                                  c:/program files (x86)/atollic/truestudio for stm32 9.0.1/armtools/bin/../lib/gcc/arm-atollic-eabi/6.3.1/../../../../arm-atollic-eabi/lib/armv6-m\libc_nano.a(lib_a-init.o)
__init_array_start                                c:/program files (x86)/atollic/truestudio for stm32 9.0.1/armtools/bin/../lib/gcc/arm-atollic-eabi/6.3.1/../../../../arm-atollic-eabi/lib/armv6-m\libc_nano.a(lib_a-init.o)
__libc_init_array                                 c:/program files (x86)/atollic/truestudio for stm32 9.0.1/armtools/bin/../lib/gcc/arm-atollic-eabi/6.3.1/../../../../arm-atollic-eabi/lib/armv6-m\libc_nano.a(lib_a-init.o)
                                                  startup\startup_stm32l011xx.o
__preinit_array_end                               c:/program files (x86)/atollic/truestudio for stm32 9.0.1/armtools/bin/../lib/gcc/arm-atollic-eabi/6.3.1/../../../../arm-atollic-eabi/lib/armv6-m\libc_nano.a(lib_a-init.o)
__preinit_array_start                             c:/program files (x86)/atollic/truestudio for stm32 9.0.1/armtools/bin/../lib/gcc/arm-atollic-eabi/6.3.1/../../../../arm-atollic-eabi/lib/armv6-m\libc_nano.a(lib_a-init.o)
__register_frame_info                             c:/program files (x86)/atollic/truestudio for stm32 9.0.1/armtools/bin/../lib/gcc/arm-atollic-eabi/6.3.1/armv6-m/crtbegin.o
__udivmoddi4                                      c:/program files (x86)/atollic/truestudio for stm32 9.0.1/armtools/bin/../lib/gcc/arm-atollic-eabi/6.3.1/armv6-m\libgcc.a(_udivmoddi4.o)
                                                  c:/program files (x86)/atollic/truestudio for stm32 9.0.1/armtools/bin/../lib/gcc/arm-atollic-eabi/6.3.1/armv6-m\libgcc.a(_aeabi_uldivmod.o)
__udivsi3                                         c:/program files (x86)/atollic/truestudio for stm32 9.0.1/armtools/bin/../lib/gcc/arm-atollic-eabi/6.3.1/armv6-m\libgcc.a(_udivsi3.o)
_ebss                                             startup\startup_stm32l011xx.o
_edata                                            startup\startup_stm32l011xx.o
_estack                                           startup\startup_stm32l011xx.o
_fini                                             c:/program files (x86)/atollic/truestudio for stm32 9.0.1/armtools/bin/../lib/gcc/arm-atollic-eabi/6.3.1/armv6-m/crti.o
_init                                             c:/program files (x86)/atollic/truestudio for stm32 9.0.1/armtools/bin/../lib/gcc/arm-atollic-eabi/6.3.1/armv6-m/crti.o
                                                  c:/program files (x86)/atollic/truestudio for stm32 9.0.1/armtools/bin/../lib/gcc/arm-atollic-eabi/6.3.1/../../../../arm-atollic-eabi/lib/armv6-m\libc_nano.a(lib_a-init.o)
_sbss                                             startup\startup_stm32l011xx.o
_sdata                                            startup\startup_stm32l011xx.o
_sidata                                           startup\startup_stm32l011xx.o
g_nFrameCtrl                                      src\app.o
g_nNextBright                                     src\app.o
g_nPwmValue                                       src\app.o
g_nRand                                           src\app.o
g_nRandFlag                                       src\app.o
g_pTimCb                                          src\hw.o
g_pfnVectors                                      startup\startup_stm32l011xx.o
main                                              src\main.o
                                                  startup\startup_stm32l011xx.o
pSysTickCallback                                  src\timer.o
