Archive member included to satisfy reference by file (symbol)

c:/program files (x86)/atollic/truestudio for stm32 9.3.0/armtools/bin/../lib/gcc/arm-atollic-eabi/6.3.1/../../../../arm-atollic-eabi/lib/armv6-m\libc_nano.a(lib_a-init.o)
                              startup\startup_stm32l011xx.o (__libc_init_array)
c:/program files (x86)/atollic/truestudio for stm32 9.3.0/armtools/bin/../lib/gcc/arm-atollic-eabi/6.3.1/armv6-m\libgcc.a(_udivsi3.o)
                              Drivers\STM32L0xx_HAL_Driver\Src\stm32l0xx_ll_rcc.o (__aeabi_uidiv)
c:/program files (x86)/atollic/truestudio for stm32 9.3.0/armtools/bin/../lib/gcc/arm-atollic-eabi/6.3.1/armv6-m\libgcc.a(_dvmd_tls.o)
                              c:/program files (x86)/atollic/truestudio for stm32 9.3.0/armtools/bin/../lib/gcc/arm-atollic-eabi/6.3.1/armv6-m\libgcc.a(_udivsi3.o) (__aeabi_idiv0)
c:/program files (x86)/atollic/truestudio for stm32 9.3.0/armtools/bin/../lib/gcc/arm-atollic-eabi/6.3.1/armv6-m\libgcc.a(_aeabi_uldivmod.o)
                              Drivers\STM32L0xx_HAL_Driver\Src\stm32l0xx_ll_lpuart.o (__aeabi_uldivmod)
c:/program files (x86)/atollic/truestudio for stm32 9.3.0/armtools/bin/../lib/gcc/arm-atollic-eabi/6.3.1/armv6-m\libgcc.a(_udivmoddi4.o)
                              c:/program files (x86)/atollic/truestudio for stm32 9.3.0/armtools/bin/../lib/gcc/arm-atollic-eabi/6.3.1/armv6-m\libgcc.a(_aeabi_uldivmod.o) (__udivmoddi4)
c:/program files (x86)/atollic/truestudio for stm32 9.3.0/armtools/bin/../lib/gcc/arm-atollic-eabi/6.3.1/armv6-m\libgcc.a(_clzdi2.o)
                              c:/program files (x86)/atollic/truestudio for stm32 9.3.0/armtools/bin/../lib/gcc/arm-atollic-eabi/6.3.1/armv6-m\libgcc.a(_udivmoddi4.o) (__clzdi2)
c:/program files (x86)/atollic/truestudio for stm32 9.3.0/armtools/bin/../lib/gcc/arm-atollic-eabi/6.3.1/armv6-m\libgcc.a(_clzsi2.o)
                              c:/program files (x86)/atollic/truestudio for stm32 9.3.0/armtools/bin/../lib/gcc/arm-atollic-eabi/6.3.1/armv6-m\libgcc.a(_clzdi2.o) (__clzsi2)

Allocating common symbols
Common symbol       size              file

g_ButtonDeb         0x10              src\app.o
g_nMode             0x4               src\app.o
g_nOffInterval      0x4               src\app.o
g_nButtonState      0x4               src\app.o

Discarded input sections

 .text          0x00000000        0x0 c:/program files (x86)/atollic/truestudio for stm32 9.3.0/armtools/bin/../lib/gcc/arm-atollic-eabi/6.3.1/armv6-m/crti.o
 .data          0x00000000        0x0 c:/program files (x86)/atollic/truestudio for stm32 9.3.0/armtools/bin/../lib/gcc/arm-atollic-eabi/6.3.1/armv6-m/crti.o
 .bss           0x00000000        0x0 c:/program files (x86)/atollic/truestudio for stm32 9.3.0/armtools/bin/../lib/gcc/arm-atollic-eabi/6.3.1/armv6-m/crti.o
 .data          0x00000000        0x4 c:/program files (x86)/atollic/truestudio for stm32 9.3.0/armtools/bin/../lib/gcc/arm-atollic-eabi/6.3.1/armv6-m/crtbegin.o
 .text          0x00000000        0x0 Drivers\STM32L0xx_HAL_Driver\Src\stm32l0xx_ll_adc.o
 .data          0x00000000        0x0 Drivers\STM32L0xx_HAL_Driver\Src\stm32l0xx_ll_adc.o
 .bss           0x00000000        0x0 Drivers\STM32L0xx_HAL_Driver\Src\stm32l0xx_ll_adc.o
 .text.LL_ADC_SetCommonClock
                0x00000000       0x28 Drivers\STM32L0xx_HAL_Driver\Src\stm32l0xx_ll_adc.o
 .text.LL_ADC_REG_SetTriggerSource
                0x00000000       0x28 Drivers\STM32L0xx_HAL_Driver\Src\stm32l0xx_ll_adc.o
 .text.LL_ADC_Disable
                0x00000000       0x24 Drivers\STM32L0xx_HAL_Driver\Src\stm32l0xx_ll_adc.o
 .text.LL_ADC_IsEnabled
                0x00000000       0x20 Drivers\STM32L0xx_HAL_Driver\Src\stm32l0xx_ll_adc.o
 .text.LL_ADC_IsDisableOngoing
                0x00000000       0x20 Drivers\STM32L0xx_HAL_Driver\Src\stm32l0xx_ll_adc.o
 .text.LL_ADC_REG_StopConversion
                0x00000000       0x24 Drivers\STM32L0xx_HAL_Driver\Src\stm32l0xx_ll_adc.o
 .text.LL_ADC_REG_IsConversionOngoing
                0x00000000       0x20 Drivers\STM32L0xx_HAL_Driver\Src\stm32l0xx_ll_adc.o
 .text.LL_ADC_REG_IsStopConversionOngoing
                0x00000000       0x20 Drivers\STM32L0xx_HAL_Driver\Src\stm32l0xx_ll_adc.o
 .text.LL_APB2_GRP1_ForceReset
                0x00000000       0x20 Drivers\STM32L0xx_HAL_Driver\Src\stm32l0xx_ll_adc.o
 .text.LL_APB2_GRP1_ReleaseReset
                0x00000000       0x24 Drivers\STM32L0xx_HAL_Driver\Src\stm32l0xx_ll_adc.o
 .text.LL_ADC_CommonDeInit
                0x00000000       0x26 Drivers\STM32L0xx_HAL_Driver\Src\stm32l0xx_ll_adc.o
 .text.LL_ADC_CommonInit
                0x00000000       0x48 Drivers\STM32L0xx_HAL_Driver\Src\stm32l0xx_ll_adc.o
 .text.LL_ADC_CommonStructInit
                0x00000000       0x18 Drivers\STM32L0xx_HAL_Driver\Src\stm32l0xx_ll_adc.o
 .text.LL_ADC_DeInit
                0x00000000      0x170 Drivers\STM32L0xx_HAL_Driver\Src\stm32l0xx_ll_adc.o
[...]
Memory Configuration

Name             Origin             Length             Attributes
FLASH            0x08000000         0x00004000         xr
RAM              0x20000000         0x00000800         xrw
MEMORY_B1        0x60000000         0x00000000         xr
*default*        0x00000000         0xffffffff

Linker script and memory map

LOAD c:/program files (x86)/atollic/truestudio for stm32 9.3.0/armtools/bin/../lib/gcc/arm-atollic-eabi/6.3.1/armv6-m/crti.o
LOAD c:/program files (x86)/atollic/truestudio for stm32 9.3.0/armtools/bin/../lib/gcc/arm-atollic-eabi/6.3.1/armv6-m/crtbegin.o
LOAD Drivers\STM32L0xx_HAL_Driver\Src\stm32l0xx_ll_adc.o
LOAD Drivers\STM32L0xx_HAL_Driver\Src\stm32l0xx_ll_comp.o
LOAD Drivers\STM32L0xx_HAL_Driver\Src\stm32l0xx_ll_crc.o
LOAD Drivers\STM32L0xx_HAL_Driver\Src\stm32l0xx_ll_crs.o
LOAD Drivers\STM32L0xx_HAL_Driver\Src\stm32l0xx_ll_dac.o
LOAD Drivers\STM32L0xx_HAL_Driver\Src\stm32l0xx_ll_dma.o
LOAD Drivers\STM32L0xx_HAL_Driver\Src\stm32l0xx_ll_exti.o
LOAD Drivers\STM32L0xx_HAL_Driver\Src\stm32l0xx_ll_gpio.o
LOAD Drivers\STM32L0xx_HAL_Driver\Src\stm32l0xx_ll_i2c.o
LOAD Drivers\STM32L0xx_HAL_Driver\Src\stm32l0xx_ll_lptim.o
LOAD Drivers\STM32L0xx_HAL_Driver\Src\stm32l0xx_ll_lpuart.o
LOAD Drivers\STM32L0xx_HAL_Driver\Src\stm32l0xx_ll_pwr.o
LOAD Drivers\STM32L0xx_HAL_Driver\Src\stm32l0xx_ll_rcc.o
LOAD Drivers\STM32L0xx_HAL_Driver\Src\stm32l0xx_ll_rng.o
LOAD Drivers\STM32L0xx_HAL_Driver\Src\stm32l0xx_ll_rtc.o
LOAD Drivers\STM32L0xx_HAL_Driver\Src\stm32l0xx_ll_spi.o
LOAD Drivers\STM32L0xx_HAL_Driver\Src\stm32l0xx_ll_tim.o
LOAD Drivers\STM32L0xx_HAL_Driver\Src\stm32l0xx_ll_usart.o
LOAD Drivers\STM32L0xx_HAL_Driver\Src\stm32l0xx_ll_usb.o
LOAD Drivers\STM32L0xx_HAL_Driver\Src\stm32l0xx_ll_utils.o
LOAD src\app.o
LOAD src\common_L0.o
LOAD src\hw.o
LOAD src\main.o
LOAD src\timer.o
LOAD startup\startup_stm32l011xx.o
LOAD startup\system_stm32l0xx.o
                0x00000080                malloc_getpagesize_P = 0x80
START GROUP
LOAD c:/program files (x86)/atollic/truestudio for stm32 9.3.0/armtools/bin/../lib/gcc/arm-atollic-eabi/6.3.1/../../../../arm-atollic-eabi/lib/armv6-m\libc_nano.a
LOAD c:/program files (x86)/atollic/truestudio for stm32 9.3.0/armtools/bin/../lib/gcc/arm-atollic-eabi/6.3.1/../../../../arm-atollic-eabi/lib/armv6-m\libm.a
END GROUP
START GROUP
LOAD c:/program files (x86)/atollic/truestudio for stm32 9.3.0/armtools/bin/../lib/gcc/arm-atollic-eabi/6.3.1/armv6-m\libgcc.a
LOAD c:/program files (x86)/atollic/truestudio for stm32 9.3.0/armtools/bin/../lib/gcc/arm-atollic-eabi/6.3.1/../../../../arm-atollic-eabi/lib/armv6-m\libc_nano.a
END GROUP
START GROUP
LOAD c:/program files (x86)/atollic/truestudio for stm32 9.3.0/armtools/bin/../lib/gcc/arm-atollic-eabi/6.3.1/armv6-m\libgcc.a
LOAD c:/program files (x86)/atollic/truestudio for stm32 9.3.0/armtools/bin/../lib/gcc/arm-atollic-eabi/6.3.1/../../../../arm-atollic-eabi/lib/armv6-m\libc_nano.a
LOAD c:/program files (x86)/atollic/truestudio for stm32 9.3.0/armtools/bin/../lib/gcc/arm-atollic-eabi/6.3.1/../../../../arm-atollic-eabi/lib/armv6-m\libnosys.a
END GROUP
START GROUP
LOAD c:/program files (x86)/atollic/truestudio for stm32 9.3.0/armtools/bin/../lib/gcc/arm-atollic-eabi/6.3.1/armv6-m\libgcc.a
LOAD c:/program files (x86)/atollic/truestudio for stm32 9.3.0/armtools/bin/../lib/gcc/arm-atollic-eabi/6.3.1/../../../../arm-atollic-eabi/lib/armv6-m\libc_nano.a
LOAD c:/program files (x86)/atollic/truestudio for stm32 9.3.0/armtools/bin/../lib/gcc/arm-atollic-eabi/6.3.1/../../../../arm-atollic-eabi/lib/armv6-m\libnosys.a
END GROUP
LOAD c:/program files (x86)/atollic/truestudio for stm32 9.3.0/armtools/bin/../lib/gcc/arm-atollic-eabi/6.3.1/armv6-m/crtend.o
LOAD c:/program files (x86)/atollic/truestudio for stm32 9.3.0/armtools/bin/../lib/gcc/arm-atollic-eabi/6.3.1/armv6-m/crtn.o
                0x20000800                _estack = 0x20000800
                0x00000000                _Min_Heap_Size = 0x0
                0x00000080                _Min_Stack_Size = 0x80

.isr_vector     0x08000000       0xc0
                0x08000000                . = ALIGN (0x4)
 *(.isr_vector)
 .isr_vector    0x08000000       0xc0 startup\startup_stm32l011xx.o
                0x08000000                g_pfnVectors
                0x080000c0                . = ALIGN (0x4)

.text           0x080000c0     0x1a14
                0x080000c0                . = ALIGN (0x4)
 *(.text)
 .text          0x080000c0       0x48 c:/program files (x86)/atollic/truestudio for stm32 9.3.0/armtools/bin/../lib/gcc/arm-atollic-eabi/6.3.1/armv6-m/crtbegin.o
 .text          0x08000108      0x114 c:/program files (x86)/atollic/truestudio for stm32 9.3.0/armtools/bin/../lib/gcc/arm-atollic-eabi/6.3.1/armv6-m\libgcc.a(_udivsi3.o)
                0x08000108                __aeabi_uidiv
                0x08000108                __udivsi3
                0x08000214                __aeabi_uidivmod
 .text          0x0800021c        0x4 c:/program files (x86)/atollic/truestudio for stm32 9.3.0/armtools/bin/../lib/gcc/arm-atollic-eabi/6.3.1/armv6-m\libgcc.a(_dvmd_tls.o)
                0x0800021c                __aeabi_idiv0
                0x0800021c                __aeabi_ldiv0
 *(.text*)
 .text.LL_RCC_MSI_GetRange
                0x08000220       0x18 Drivers\STM32L0xx_HAL_Driver\Src\stm32l0xx_ll_rcc.o
 .text.LL_RCC_GetSysClkSource
                0x08000238       0x18 Drivers\STM32L0xx_HAL_Driver\Src\stm32l0xx_ll_rcc.o
 .text.LL_RCC_GetAHBPrescaler
                0x08000250       0x18 Drivers\STM32L0xx_HAL_Driver\Src\stm32l0xx_ll_rcc.o
 .text.LL_RCC_GetAPB1Prescaler
                0x08000268       0x18 Drivers\STM32L0xx_HAL_Driver\Src\stm32l0xx_ll_rcc.o
 .text.LL_RCC_GetAPB2Prescaler
                0x08000280       0x18 Drivers\STM32L0xx_HAL_Driver\Src\stm32l0xx_ll_rcc.o
 .text.LL_RCC_PLL_GetMainSource
                0x08000298       0x18 Drivers\STM32L0xx_HAL_Driver\Src\stm32l0xx_ll_rcc.o
 .text.LL_RCC_PLL_GetMultiplicator
                0x080002b0       0x18 Drivers\STM32L0xx_HAL_Driver\Src\stm32l0xx_ll_rcc.o
 .text.LL_RCC_PLL_GetDivider
                0x080002c8       0x18 Drivers\STM32L0xx_HAL_Driver\Src\stm32l0xx_ll_rcc.o
 .text.LL_RCC_IsActiveFlag_HSIDIV
                0x080002e0       0x20 Drivers\STM32L0xx_HAL_Driver\Src\stm32l0xx_ll_rcc.o
 .text.LL_RCC_GetSystemClocksFreq
                0x08000300       0x4a Drivers\STM32L0xx_HAL_Driver\Src\stm32l0xx_ll_rcc.o
                0x08000300                LL_RCC_GetSystemClocksFreq
 *fill*         0x0800034a        0x2 
 .text.RCC_GetSystemClockFreq
                0x0800034c       0x88 Drivers\STM32L0xx_HAL_Driver\Src\stm32l0xx_ll_rcc.o
                0x0800034c                RCC_GetSystemClockFreq
 .text.RCC_GetHCLKClockFreq
                0x080003d4       0x2c Drivers\STM32L0xx_HAL_Driver\Src\stm32l0xx_ll_rcc.o
                0x080003d4                RCC_GetHCLKClockFreq
 .text.RCC_GetPCLK1ClockFreq
                0x08000400       0x28 Drivers\STM32L0xx_HAL_Driver\Src\stm32l0xx_ll_rcc.o
                0x08000400                RCC_GetPCLK1ClockFreq
 .text.RCC_GetPCLK2ClockFreq
                0x08000428       0x28 Drivers\STM32L0xx_HAL_Driver\Src\stm32l0xx_ll_rcc.o
                0x08000428                RCC_GetPCLK2ClockFreq
 .text.RCC_PLL_GetFreqDomain_SYS
                0x08000450       0x70 Drivers\STM32L0xx_HAL_Driver\Src\stm32l0xx_ll_rcc.o
                0x08000450                RCC_PLL_GetFreqDomain_SYS
 .text.LL_APB1_GRP1_EnableClock
                0x080004c0       0x2c src\app.o
 .text.LL_PWR_SetRegulModeLP
                0x080004ec       0x28 src\app.o
 .text.LL_PWR_EnableUltraLowPower
                0x08000514       0x1c src\app.o
 .text.LL_PWR_ClearFlag_WU
                0x08000530       0x1c src\app.o
 .text.LL_LPM_EnableDeepSleep
                0x0800054c       0x1c src\app.o
 .text.App_Init
                0x08000568       0x88 src\app.o
                0x08000568                App_Init
 .text.App_Exec
                0x080005f0      0x13c src\app.o
                0x080005f0                App_Exec
 .text._FrameControl
                0x0800072c       0x80 src\app.o
                0x0800072c                _FrameControl
 .text._Sleep   0x080007ac        0xc src\app.o
                0x080007ac                _Sleep
 .text.HW_SetLowPowerMode
                0x080007b8       0x84 src\app.o
                0x080007b8                HW_SetLowPowerMode
 .text.App_TimCallback
                0x0800083c       0x3c src\app.o
                0x0800083c                App_TimCallback
 .text._App_SysTimerCallback
                0x08000878       0x40 src\app.o
                0x08000878                _App_SysTimerCallback
 .text.LL_GPIO_SetPinMode
                0x080008b8       0x3a src\common_L0.o
 .text.LL_GPIO_SetPinOutputType
                0x080008f2       0x2a src\common_L0.o
 .text.LL_GPIO_SetPinSpeed
                0x0800091c       0x3a src\common_L0.o
 .text.LL_GPIO_SetPinPull
                0x08000956       0x3a src\common_L0.o
 .text.GPIO_ClockEnable
                0x08000990       0x3c src\common_L0.o
                0x08000990                GPIO_ClockEnable
 .text.GPIO_SetAFpin
                0x080009cc       0xba src\common_L0.o
                0x080009cc                GPIO_SetAFpin
 .text.GPIO_ConfigPin
                0x08000a86       0xf2 src\common_L0.o
                0x08000a86                GPIO_ConfigPin
 .text.NVIC_EnableIRQ
                0x08000b78       0x2c src\hw.o
 .text.NVIC_SetPriority
                0x08000ba4       0xdc src\hw.o
 .text.LL_APB1_GRP1_EnableClock
                0x08000c80       0x2c src\hw.o
 .text.LL_APB2_GRP1_EnableClock
                0x08000cac       0x2c src\hw.o
 .text.LL_DBGMCU_APB1_GRP1_FreezePeriph
                0x08000cd8       0x20 src\hw.o
 .text.LL_ADC_SetCommonFrequencyMode
                0x08000cf8       0x28 src\hw.o
 .text.LL_ADC_SetCommonPathInternalCh
                0x08000d20       0x28 src\hw.o
 .text.LL_ADC_SetClock
                0x08000d48       0x22 src\hw.o
 .text.LL_ADC_SetResolution
                0x08000d6a       0x24 src\hw.o
 *fill*         0x08000d8e        0x2 
 .text.LL_ADC_SetLowPowerMode
                0x08000d90       0x28 src\hw.o
 .text.LL_ADC_SetSamplingTimeCommonChannels
                0x08000db8       0x24 src\hw.o
 .text.LL_ADC_REG_SetSequencerChannels
                0x08000ddc       0x1c src\hw.o
 .text.LL_ADC_SetOverSamplingScope
                0x08000df8       0x24 src\hw.o
 .text.LL_ADC_ConfigOverSamplingRatioShift
                0x08000e1c       0x2c src\hw.o
 .text.LL_ADC_Enable
                0x08000e48       0x24 src\hw.o
 .text.LL_ADC_REG_StartConversion
                0x08000e6c       0x24 src\hw.o
 .text.LL_ADC_REG_ReadConversionData8
                0x08000e90       0x16 src\hw.o
 .text.LL_ADC_EnableIT_EOC
                0x08000ea6       0x1c src\hw.o
 .text.LL_TIM_EnableCounter
                0x08000ec2       0x1c src\hw.o
 .text.LL_TIM_DisableCounter
                0x08000ede       0x1e src\hw.o
 .text.LL_TIM_SetPrescaler
                0x08000efc       0x18 src\hw.o
 .text.LL_TIM_SetAutoReload
                0x08000f14       0x18 src\hw.o
 .text.LL_TIM_CC_EnableChannel
                0x08000f2c       0x1e src\hw.o
 .text.LL_TIM_CC_DisableChannel
                0x08000f4a       0x20 src\hw.o
 *fill*         0x08000f6a        0x2 
 .text.LL_TIM_OC_SetMode
                0x08000f6c       0x74 src\hw.o
 .text.LL_TIM_OC_SetPolarity
                0x08000fe0       0x64 src\hw.o
 .text.LL_TIM_OC_EnablePreload
                0x08001044       0x64 src\hw.o
 .text.LL_TIM_OC_SetCompareCH2
                0x080010a8       0x18 src\hw.o
 .text.LL_TIM_EnableIT_UPDATE
                0x080010c0       0x1c src\hw.o
 .text.LL_TIM_GenerateEvent_UPDATE
                0x080010dc       0x1c src\hw.o
 .text.LL_RCC_MSI_SetRange
                0x080010f8       0x28 src\hw.o
 .text.LL_PWR_SetRegulVoltageScaling
                0x08001120       0x28 src\hw.o
 .text.LL_PWR_EnableWakeUpPin
                0x08001148       0x20 src\hw.o
 .text.LL_PWR_IsActiveFlag_VOS
                0x08001168       0x20 src\hw.o
 .text.HW_Init  0x08001188       0x42 src\hw.o
                0x08001188                HW_Init
 *fill*         0x080011ca        0x2 
 .text._AD_Init
                0x080011cc       0xbc src\hw.o
                0x080011cc                _AD_Init
 .text.HW_StartAdc
                0x08001288       0x20 src\hw.o
                0x08001288                HW_StartAdc
 .text._Gpio_Init
                0x080012a8       0x44 src\hw.o
                0x080012a8                _Gpio_Init
 .text._PwmInit
                0x080012ec       0xac src\hw.o
                0x080012ec                _PwmInit
 .text.HW_PwmSet
                0x08001398       0x24 src\hw.o
                0x08001398                HW_PwmSet
 .text.HW_PwmOn
                0x080013bc       0x16 src\hw.o
                0x080013bc                HW_PwmOn
 .text.HW_PwmOff
                0x080013d2       0x20 src\hw.o
                0x080013d2                HW_PwmOff
 .text.HW_BatVoltageCtrl
                0x080013f2       0x2e src\hw.o
                0x080013f2                HW_BatVoltageCtrl
 .text.HW_IsButtonOn
                0x08001420       0x1a src\hw.o
                0x08001420                HW_IsButtonOn
 *fill*         0x0800143a        0x2 
 .text.HW_SetTimCallback
                0x0800143c       0x1c src\hw.o
                0x0800143c                HW_SetTimCallback
 .text.HW_GetBatVoltage
                0x08001458       0x14 src\hw.o
                0x08001458                HW_GetBatVoltage
 .text._CalculateAdcVoltage
                0x0800146c       0x74 src\hw.o
                0x0800146c                _CalculateAdcVoltage
 .text.HW_IsAdcConverted
                0x080014e0       0x14 src\hw.o
                0x080014e0                HW_IsAdcConverted
 .text.HW_ResetAdcConverted
                0x080014f4       0x14 src\hw.o
                0x080014f4                HW_ResetAdcConverted
 .text.HW_SetWakeUpPin
                0x08001508       0x1e src\hw.o
                0x08001508                HW_SetWakeUpPin
 *fill*         0x08001526        0x2 
 .text.ADC1_COMP_IRQHandler
                0x08001528       0x50 src\hw.o
                0x08001528                ADC1_COMP_IRQHandler
 .text.TIM2_IRQHandler
                0x08001578       0x3c src\hw.o
                0x08001578                TIM2_IRQHandler
 .text.main     0x080015b4        0xe src\main.o
                0x080015b4                main
 *fill*         0x080015c2        0x2 
 .text.NVIC_SetPriority
                0x080015c4       0xdc src\timer.o
 .text.SysTick_Config
                0x080016a0       0x48 src\timer.o
 .text.Timer_Init
                0x080016e8       0x34 src\timer.o
                0x080016e8                Timer_Init
 .text.Timer_GetTicks_ms
                0x0800171c       0x18 src\timer.o
                0x0800171c                Timer_GetTicks_ms
 .text.Timer_SetSysTickCallback
                0x08001734       0x1c src\timer.o
                0x08001734                Timer_SetSysTickCallback
 .text.SysTick_Handler
                0x08001750       0x4c src\timer.o
                0x08001750                SysTick_Handler
 .text.TimerUs_init
                0x0800179c       0x1c src\timer.o
                0x0800179c                TimerUs_init
 .text.Timer_DebounceInit
                0x080017b8       0x2e src\timer.o
                0x080017b8                Timer_DebounceInit
 .text.Timer_Debounce
                0x080017e6       0x6a src\timer.o
                0x080017e6                Timer_Debounce
 .text.Reset_Handler
                0x08001850       0x70 startup\startup_stm32l011xx.o
                0x08001850                Reset_Handler
 .text.Default_Handler
                0x080018c0        0x2 startup\startup_stm32l011xx.o
                0x080018c0                HardFault_Handler
                0x080018c0                PVD_IRQHandler
                0x080018c0                PendSV_Handler
                0x080018c0                NMI_Handler
                0x080018c0                I2C1_IRQHandler
                0x080018c0                SPI1_IRQHandler
                0x080018c0                EXTI2_3_IRQHandler
                0x080018c0                RTC_IRQHandler
                0x080018c0                DMA1_Channel4_5_6_7_IRQHandler
                0x080018c0                EXTI4_15_IRQHandler
                0x080018c0                RCC_IRQHandler
                0x080018c0                DMA1_Channel1_IRQHandler
                0x080018c0                Default_Handler
                0x080018c0                EXTI0_1_IRQHandler
                0x080018c0                SVC_Handler
                0x080018c0                TIM21_IRQHandler
                0x080018c0                WWDG_IRQHandler
                0x080018c0                LPUART1_IRQHandler
                0x080018c0                DMA1_Channel2_3_IRQHandler
                0x080018c0                USART2_IRQHandler
                0x080018c0                FLASH_IRQHandler
                0x080018c0                LPTIM1_IRQHandler
 *fill*         0x080018c2        0x2 
 .text.SystemInit
                0x080018c4       0x7c startup\system_stm32l0xx.o
                0x080018c4                SystemInit
 .text.SystemCoreClockUpdate
                0x08001940      0x134 startup\system_stm32l0xx.o
                0x08001940                SystemCoreClockUpdate
 .text.__libc_init_array
                0x08001a74       0x48 c:/program files (x86)/atollic/truestudio for stm32 9.3.0/armtools/bin/../lib/gcc/arm-atollic-eabi/6.3.1/../../../../arm-atollic-eabi/lib/armv6-m\libc_nano.a(lib_a-init.o)
                0x08001a74                __libc_init_array
 *(.glue_7)
 .glue_7        0x08001abc        0x0 linker stubs
 *(.glue_7t)
 .glue_7t       0x08001abc        0x0 linker stubs
 *(.eh_frame)
 .eh_frame      0x08001abc        0x0 c:/program files (x86)/atollic/truestudio for stm32 9.3.0/armtools/bin/../lib/gcc/arm-atollic-eabi/6.3.1/armv6-m/crtbegin.o
 *(.init)
 .init          0x08001abc        0x4 c:/program files (x86)/atollic/truestudio for stm32 9.3.0/armtools/bin/../lib/gcc/arm-atollic-eabi/6.3.1/armv6-m/crti.o
                0x08001abc                _init
 .init          0x08001ac0        0x8 c:/program files (x86)/atollic/truestudio for stm32 9.3.0/armtools/bin/../lib/gcc/arm-atollic-eabi/6.3.1/armv6-m/crtn.o
 *(.fini)
 .fini          0x08001ac8        0x4 c:/program files (x86)/atollic/truestudio for stm32 9.3.0/armtools/bin/../lib/gcc/arm-atollic-eabi/6.3.1/armv6-m/crti.o
                0x08001ac8                _fini
 .fini          0x08001acc        0x8 c:/program files (x86)/atollic/truestudio for stm32 9.3.0/armtools/bin/../lib/gcc/arm-atollic-eabi/6.3.1/armv6-m/crtn.o
                0x08001ad4                . = ALIGN (0x4)
                0x08001ad4                _etext = .

.vfp11_veneer   0x08001ad4        0x0
 .vfp11_veneer  0x08001ad4        0x0 linker stubs

.v4_bx          0x08001ad4        0x0
 .v4_bx         0x08001ad4        0x0 linker stubs

.iplt           0x08001ad4        0x0
 .iplt          0x08001ad4        0x0 c:/program files (x86)/atollic/truestudio for stm32 9.3.0/armtools/bin/../lib/gcc/arm-atollic-eabi/6.3.1/armv6-m/crtbegin.o

.rodata         0x08001ad4      0x294
                0x08001ad4                . = ALIGN (0x4)
 *(.rodata)
 *(.rodata*)
 .rodata.g_arrData
                0x08001ad4      0x258 src\app.o
                0x08001ad4                g_arrData
 .rodata.OFFSET_TAB_CCMRx
                0x08001d2c        0x7 src\hw.o
 *fill*         0x08001d33        0x1 
 .rodata.SHIFT_TAB_OCxx
                0x08001d34        0x7 src\hw.o
 *fill*         0x08001d3b        0x1 
 .rodata.SHIFT_TAB_CCxP
                0x08001d3c        0x7 src\hw.o
 *fill*         0x08001d43        0x1 
 .rodata.AHBPrescTable
                0x08001d44       0x10 startup\system_stm32l0xx.o
                0x08001d44                AHBPrescTable
 .rodata.APBPrescTable
                0x08001d54        0x8 startup\system_stm32l0xx.o
                0x08001d54                APBPrescTable
 .rodata.PLLMulTable
                0x08001d5c        0x9 startup\system_stm32l0xx.o
                0x08001d5c                PLLMulTable
                0x08001d68                . = ALIGN (0x4)
 *fill*         0x08001d65        0x3 

.rel.dyn        0x08001d68        0x0
 .rel.iplt      0x08001d68        0x0 c:/program files (x86)/atollic/truestudio for stm32 9.3.0/armtools/bin/../lib/gcc/arm-atollic-eabi/6.3.1/armv6-m/crtbegin.o

.ARM.extab
 *(.ARM.extab* .gnu.linkonce.armextab.*)

.ARM            0x08001d68        0x0
                0x08001d68                __exidx_start = .
 *(.ARM.exidx*)
                0x08001d68                __exidx_end = .

.preinit_array  0x08001d68        0x0
                0x08001d68                PROVIDE (__preinit_array_start, .)
 *(.preinit_array*)
                0x08001d68                PROVIDE (__preinit_array_end, .)

.init_array     0x08001d68        0x4
                0x08001d68                PROVIDE (__init_array_start, .)
 *(SORT(.init_array.*))
 *(.init_array*)
 .init_array    0x08001d68        0x4 c:/program files (x86)/atollic/truestudio for stm32 9.3.0/armtools/bin/../lib/gcc/arm-atollic-eabi/6.3.1/armv6-m/crtbegin.o
                0x08001d6c                PROVIDE (__init_array_end, .)

.fini_array     0x08001d6c        0x4
                [!provide]                PROVIDE (__fini_array_start, .)
 *(SORT(.fini_array.*))
 *(.fini_array*)
 .fini_array    0x08001d6c        0x4 c:/program files (x86)/atollic/truestudio for stm32 9.3.0/armtools/bin/../lib/gcc/arm-atollic-eabi/6.3.1/armv6-m/crtbegin.o
                [!provide]                PROVIDE (__fini_array_end, .)
                0x08001d70                _sidata = LOADADDR (.data)

.data           0x20000000        0xc load address 0x08001d70
                0x20000000                . = ALIGN (0x4)
                0x20000000                _sdata = .
 *(.data)
 *(.data*)
 .data.g_nBatVoltage_mV
                0x20000000        0x4 src\hw.o
 .data.g_nOptoVoltage_mV
                0x20000004        0x4 src\hw.o
 .data.SystemCoreClock
                0x20000008        0x4 startup\system_stm32l0xx.o
                0x20000008                SystemCoreClock
                0x2000000c                . = ALIGN (0x4)
                0x2000000c                _edata = .

.igot.plt       0x2000000c        0x0 load address 0x08001d7c
 .igot.plt      0x2000000c        0x0 c:/program files (x86)/atollic/truestudio for stm32 9.3.0/armtools/bin/../lib/gcc/arm-atollic-eabi/6.3.1/armv6-m/crtbegin.o
                0x2000000c                . = ALIGN (0x4)

.bss            0x20000010       0x68 load address 0x08001d7c
                0x20000010                _sbss = .
                0x20000010                __bss_start__ = _sbss
 *(.bss)
 .bss           0x20000010       0x1c c:/program files (x86)/atollic/truestudio for stm32 9.3.0/armtools/bin/../lib/gcc/arm-atollic-eabi/6.3.1/armv6-m/crtbegin.o
 *(.bss*)
 .bss.g_nBatCtrlTime
                0x2000002c        0x4 src\app.o
 .bss.g_nMeasureTime
                0x20000030        0x4 src\app.o
 .bss.g_bInitializated
                0x20000034        0x1 src\app.o
 .bss.g_FrameCounter
                0x20000035        0x1 src\app.o
 *fill*         0x20000036        0x2 
 .bss.nNibble.5847
                0x20000038        0x4 src\app.o
 .bss.nDataIndex.5846
                0x2000003c        0x2 src\app.o
 *fill*         0x2000003e        0x2 
 .bss.g_nActualAdcChannel
                0x20000040        0x4 src\hw.o
 .bss.g_nAdcValues
                0x20000044        0x2 src\hw.o
 .bss.g_bAdcConverted
                0x20000046        0x1 src\hw.o
 *fill*         0x20000047        0x1 
 .bss.g_pTimCb  0x20000048        0x4 src\hw.o
 .bss.nDelayTimer
                0x2000004c        0x4 src\timer.o
 .bss.g_nTicks  0x20000050        0x8 src\timer.o
 .bss.pSysTickCallback
                0x20000058        0x4 src\timer.o
                0x20000058                pSysTickCallback
 *(COMMON)
 COMMON         0x2000005c       0x1c src\app.o
                0x2000005c                g_ButtonDeb
                0x2000006c                g_nMode
                0x20000070                g_nOffInterval
                0x20000074                g_nButtonState
                0x20000078                . = ALIGN (0x4)
                0x20000078                _ebss = .
                0x20000078                __bss_end__ = _ebss

._user_heap_stack
                0x20000078       0x80 load address 0x08001d7c
                0x20000078                . = ALIGN (0x4)
                [!provide]                PROVIDE (end, .)
                [!provide]                PROVIDE (_end, .)
                0x20000078                . = (. + _Min_Heap_Size)
                0x200000f8                . = (. + _Min_Stack_Size)
 *fill*         0x20000078       0x80 
                0x200000f8                . = ALIGN (0x4)

.memory_b1_text
 *(.mb1text)
 *(.mb1text*)
 *(.mb1rodata)
 *(.mb1rodata*)

/DISCARD/
 libc.a(*)
 libm.a(*)
 libgcc.a(*)

.ARM.attributes
                0x00000000       0x28
 *(.ARM.attributes)
 .ARM.attributes
                0x00000000       0x1e c:/program files (x86)/atollic/truestudio for stm32 9.3.0/armtools/bin/../lib/gcc/arm-atollic-eabi/6.3.1/armv6-m/crti.o
 .ARM.attributes
                0x0000001e       0x2c c:/program files (x86)/atollic/truestudio for stm32 9.3.0/armtools/bin/../lib/gcc/arm-atollic-eabi/6.3.1/armv6-m/crtbegin.o
 .ARM.attributes
                0x0000004a       0x32 Drivers\STM32L0xx_HAL_Driver\Src\stm32l0xx_ll_rcc.o
 .ARM.attributes
                0x0000007c       0x32 src\app.o
 .ARM.attributes
                0x000000ae       0x32 src\common_L0.o
 .ARM.attributes
                0x000000e0       0x32 src\hw.o
 .ARM.attributes
                0x00000112       0x32 src\main.o
 .ARM.attributes
                0x00000144       0x32 src\timer.o
 .ARM.attributes
                0x00000176       0x22 startup\startup_stm32l011xx.o
 .ARM.attributes
                0x00000198       0x32 startup\system_stm32l0xx.o
 .ARM.attributes
                0x000001ca       0x2c c:/program files (x86)/atollic/truestudio for stm32 9.3.0/armtools/bin/../lib/gcc/arm-atollic-eabi/6.3.1/../../../../arm-atollic-eabi/lib/armv6-m\libc_nano.a(lib_a-init.o)
 .ARM.attributes
                0x000001f6       0x1e c:/program files (x86)/atollic/truestudio for stm32 9.3.0/armtools/bin/../lib/gcc/arm-atollic-eabi/6.3.1/armv6-m\libgcc.a(_udivsi3.o)
 .ARM.attributes
                0x00000214       0x1e c:/program files (x86)/atollic/truestudio for stm32 9.3.0/armtools/bin/../lib/gcc/arm-atollic-eabi/6.3.1/armv6-m\libgcc.a(_dvmd_tls.o)
 .ARM.attributes
                0x00000232       0x1e c:/program files (x86)/atollic/truestudio for stm32 9.3.0/armtools/bin/../lib/gcc/arm-atollic-eabi/6.3.1/armv6-m/crtn.o
OUTPUT(Candle_l0.elf elf32-littlearm)

.debug_info     0x00000000     0x3c0d
 .debug_info    0x00000000      0x752 Drivers\STM32L0xx_HAL_Driver\Src\stm32l0xx_ll_rcc.o
 .debug_info    0x00000752      0x5d5 src\app.o
 .debug_info    0x00000d27      0xc28 src\common_L0.o
 .debug_info    0x0000194f     0x151b src\hw.o
 .debug_info    0x00002e6a      0x12b src\main.o
 .debug_info    0x00002f95      0x882 src\timer.o
 .debug_info    0x00003817       0x76 startup\startup_stm32l011xx.o
 .debug_info    0x0000388d      0x380 startup\system_stm32l0xx.o

.debug_abbrev   0x00000000      0xbd2
 .debug_abbrev  0x00000000      0x1e9 Drivers\STM32L0xx_HAL_Driver\Src\stm32l0xx_ll_rcc.o
 .debug_abbrev  0x000001e9      0x1aa src\app.o
 .debug_abbrev  0x00000393      0x1cd src\common_L0.o
 .debug_abbrev  0x00000560      0x27c src\hw.o
 .debug_abbrev  0x000007dc       0x7b src\main.o
 .debug_abbrev  0x00000857      0x26c src\timer.o
 .debug_abbrev  0x00000ac3       0x12 startup\startup_stm32l011xx.o
 .debug_abbrev  0x00000ad5       0xfd startup\system_stm32l0xx.o

.debug_aranges  0x00000000      0x528
 .debug_aranges
                0x00000000      0x130 Drivers\STM32L0xx_HAL_Driver\Src\stm32l0xx_ll_rcc.o
 .debug_aranges
                0x00000130       0x78 src\app.o
 .debug_aranges
                0x000001a8       0xb8 src\common_L0.o
 .debug_aranges
                0x00000260      0x1c8 src\hw.o
 .debug_aranges
                0x00000428       0x20 src\main.o
 .debug_aranges
                0x00000448       0x90 src\timer.o
 .debug_aranges
                0x000004d8       0x28 startup\startup_stm32l011xx.o
 .debug_aranges
                0x00000500       0x28 startup\system_stm32l0xx.o

.debug_ranges   0x00000000      0x4b0
 .debug_ranges  0x00000000      0x120 Drivers\STM32L0xx_HAL_Driver\Src\stm32l0xx_ll_rcc.o
 .debug_ranges  0x00000120       0x68 src\app.o
 .debug_ranges  0x00000188       0xa8 src\common_L0.o
 .debug_ranges  0x00000230      0x1b8 src\hw.o
 .debug_ranges  0x000003e8       0x10 src\main.o
 .debug_ranges  0x000003f8       0x80 src\timer.o
 .debug_ranges  0x00000478       0x20 startup\startup_stm32l011xx.o
 .debug_ranges  0x00000498       0x18 startup\system_stm32l0xx.o

.debug_line     0x00000000     0x1bd7
 .debug_line    0x00000000      0x58b Drivers\STM32L0xx_HAL_Driver\Src\stm32l0xx_ll_rcc.o
 .debug_line    0x0000058b      0x39e src\app.o
 .debug_line    0x00000929      0x3e1 src\common_L0.o
 .debug_line    0x00000d0a      0x7c3 src\hw.o
 .debug_line    0x000014cd      0x16b src\main.o
 .debug_line    0x00001638      0x325 src\timer.o
 .debug_line    0x0000195d       0x95 startup\startup_stm32l011xx.o
 .debug_line    0x000019f2      0x1e5 startup\system_stm32l0xx.o

.debug_str      0x00000000     0x175e
 .debug_str     0x00000000      0x6a8 Drivers\STM32L0xx_HAL_Driver\Src\stm32l0xx_ll_rcc.o
                                0x703 (size before relaxing)
 .debug_str     0x000006a8      0x262 src\app.o
                                0x4c7 (size before relaxing)
 .debug_str     0x0000090a      0x4cb src\common_L0.o
                                0x76f (size before relaxing)
 .debug_str     0x00000dd5      0x79f src\hw.o
                                0xd76 (size before relaxing)
 .debug_str     0x00001574       0x1f src\main.o
                                0x1e3 (size before relaxing)
 .debug_str     0x00001593      0x175 src\timer.o
                                0x6a7 (size before relaxing)
 .debug_str     0x00001708       0x56 startup\system_stm32l0xx.o
                                0x2eb (size before relaxing)

.comment        0x00000000       0x7c
 .comment       0x00000000       0x7c Drivers\STM32L0xx_HAL_Driver\Src\stm32l0xx_ll_rcc.o
                                 0x7d (size before relaxing)
 .comment       0x0000007c       0x7d src\app.o
 .comment       0x0000007c       0x7d src\common_L0.o
 .comment       0x0000007c       0x7d src\hw.o
 .comment       0x0000007c       0x7d src\main.o
 .comment       0x0000007c       0x7d src\timer.o
 .comment       0x0000007c       0x7d startup\system_stm32l0xx.o

.debug_frame    0x00000000     0x1180
 .debug_frame   0x00000000      0x42c Drivers\STM32L0xx_HAL_Driver\Src\stm32l0xx_ll_rcc.o
 .debug_frame   0x0000042c      0x178 src\app.o
 .debug_frame   0x000005a4      0x294 src\common_L0.o
 .debug_frame   0x00000838      0x6a4 src\hw.o
 .debug_frame   0x00000edc       0x2c src\main.o
 .debug_frame   0x00000f08      0x1e0 src\timer.o
 .debug_frame   0x000010e8       0x4c startup\system_stm32l0xx.o
 .debug_frame   0x00001134       0x2c c:/program files (x86)/atollic/truestudio for stm32 9.3.0/armtools/bin/../lib/gcc/arm-atollic-eabi/6.3.1/../../../../arm-atollic-eabi/lib/armv6-m\libc_nano.a(lib_a-init.o)
 .debug_frame   0x00001160       0x20 c:/program files (x86)/atollic/truestudio for stm32 9.3.0/armtools/bin/../lib/gcc/arm-atollic-eabi/6.3.1/armv6-m\libgcc.a(_udivsi3.o)

Cross Reference Table

Symbol                                            File
ADC1_COMP_IRQHandler                              src\hw.o
AHBPrescTable                                     startup\system_stm32l0xx.o
                                                  Drivers\STM32L0xx_HAL_Driver\Src\stm32l0xx_ll_utils.o
                                                  Drivers\STM32L0xx_HAL_Driver\Src\stm32l0xx_ll_rcc.o
APBPrescTable                                     startup\system_stm32l0xx.o
                                                  Drivers\STM32L0xx_HAL_Driver\Src\stm32l0xx_ll_rcc.o
App_Exec                                          src\app.o
                                                  src\main.o
App_Init                                          src\app.o
                                                  src\main.o
App_TimCallback                                   src\app.o
DMA1_Channel1_IRQHandler                          startup\startup_stm32l011xx.o
DMA1_Channel2_3_IRQHandler                        startup\startup_stm32l011xx.o
DMA1_Channel4_5_6_7_IRQHandler                    startup\startup_stm32l011xx.o
Default_Handler                                   startup\startup_stm32l011xx.o
EXTI0_1_IRQHandler                                startup\startup_stm32l011xx.o
EXTI2_3_IRQHandler                                startup\startup_stm32l011xx.o
EXTI4_15_IRQHandler                               startup\startup_stm32l011xx.o
EXTI_Config                                       src\common_L0.o
FLASH_IRQHandler                                  startup\startup_stm32l011xx.o
GPIO_ClockDisable                                 src\common_L0.o
GPIO_ClockEnable                                  src\common_L0.o
GPIO_ConfigPin                                    src\common_L0.o
                                                  src\hw.o
GPIO_GetPin                                       src\common_L0.o
GPIO_GetPinSource                                 src\common_L0.o
GPIO_GetPort                                      src\common_L0.o
GPIO_SetAFpin                                     src\common_L0.o
                                                  src\hw.o
HW_BatVoltageCtrl                                 src\hw.o
                                                  src\app.o
HW_GetBatVoltage                                  src\hw.o
                                                  src\app.o
HW_GetOptoVoltage                                 src\hw.o
HW_Init                                           src\hw.o
                                                  src\app.o
HW_IsAdcConverted                                 src\hw.o
                                                  src\app.o
HW_IsButtonOn                                     src\hw.o
                                                  src\app.o
HW_LedOnOff                                       src\hw.o
HW_PwmOff                                         src\hw.o
                                                  src\app.o
HW_PwmOn                                          src\hw.o
                                                  src\app.o
HW_PwmSet                                         src\hw.o
                                                  src\app.o
HW_ResetAdcConverted                              src\hw.o
                                                  src\app.o
HW_SetLowPowerMode                                src\app.o
HW_SetTimCallback                                 src\hw.o
                                                  src\app.o
HW_SetWakeUpPin                                   src\hw.o
                                                  src\app.o
HW_StartAdc                                       src\hw.o
                                                  src\app.o
HardFault_Handler                                 startup\startup_stm32l011xx.o
I2C1_IRQHandler                                   startup\startup_stm32l011xx.o
LL_ADC_CommonDeInit                               Drivers\STM32L0xx_HAL_Driver\Src\stm32l0xx_ll_adc.o
LL_ADC_CommonInit                                 Drivers\STM32L0xx_HAL_Driver\Src\stm32l0xx_ll_adc.o
LL_ADC_CommonStructInit                           Drivers\STM32L0xx_HAL_Driver\Src\stm32l0xx_ll_adc.o
LL_ADC_DeInit                                     Drivers\STM32L0xx_HAL_Driver\Src\stm32l0xx_ll_adc.o
LL_ADC_Init                                       Drivers\STM32L0xx_HAL_Driver\Src\stm32l0xx_ll_adc.o
LL_ADC_REG_Init                                   Drivers\STM32L0xx_HAL_Driver\Src\stm32l0xx_ll_adc.o
LL_ADC_REG_StructInit                             Drivers\STM32L0xx_HAL_Driver\Src\stm32l0xx_ll_adc.o
LL_ADC_StructInit                                 Drivers\STM32L0xx_HAL_Driver\Src\stm32l0xx_ll_adc.o
LL_COMP_DeInit                                    Drivers\STM32L0xx_HAL_Driver\Src\stm32l0xx_ll_comp.o
LL_COMP_Init                                      Drivers\STM32L0xx_HAL_Driver\Src\stm32l0xx_ll_comp.o
LL_COMP_StructInit                                Drivers\STM32L0xx_HAL_Driver\Src\stm32l0xx_ll_comp.o
LL_CRC_DeInit                                     Drivers\STM32L0xx_HAL_Driver\Src\stm32l0xx_ll_crc.o
LL_DMA_DeInit                                     Drivers\STM32L0xx_HAL_Driver\Src\stm32l0xx_ll_dma.o
LL_DMA_Init                                       Drivers\STM32L0xx_HAL_Driver\Src\stm32l0xx_ll_dma.o
LL_DMA_StructInit                                 Drivers\STM32L0xx_HAL_Driver\Src\stm32l0xx_ll_dma.o
LL_EXTI_DeInit                                    Drivers\STM32L0xx_HAL_Driver\Src\stm32l0xx_ll_exti.o
LL_EXTI_Init                                      Drivers\STM32L0xx_HAL_Driver\Src\stm32l0xx_ll_exti.o
LL_EXTI_StructInit                                Drivers\STM32L0xx_HAL_Driver\Src\stm32l0xx_ll_exti.o
LL_GPIO_DeInit                                    Drivers\STM32L0xx_HAL_Driver\Src\stm32l0xx_ll_gpio.o
LL_GPIO_Init                                      Drivers\STM32L0xx_HAL_Driver\Src\stm32l0xx_ll_gpio.o
LL_GPIO_StructInit                                Drivers\STM32L0xx_HAL_Driver\Src\stm32l0xx_ll_gpio.o
LL_I2C_DeInit                                     Drivers\STM32L0xx_HAL_Driver\Src\stm32l0xx_ll_i2c.o
LL_I2C_Init                                       Drivers\STM32L0xx_HAL_Driver\Src\stm32l0xx_ll_i2c.o
LL_I2C_StructInit                                 Drivers\STM32L0xx_HAL_Driver\Src\stm32l0xx_ll_i2c.o
LL_Init1msTick                                    Drivers\STM32L0xx_HAL_Driver\Src\stm32l0xx_ll_utils.o
LL_LPTIM_DeInit                                   Drivers\STM32L0xx_HAL_Driver\Src\stm32l0xx_ll_lptim.o
LL_LPTIM_Disable                                  Drivers\STM32L0xx_HAL_Driver\Src\stm32l0xx_ll_lptim.o
LL_LPTIM_Init                                     Drivers\STM32L0xx_HAL_Driver\Src\stm32l0xx_ll_lptim.o
LL_LPTIM_StructInit                               Drivers\STM32L0xx_HAL_Driver\Src\stm32l0xx_ll_lptim.o
LL_LPUART_DeInit                                  Drivers\STM32L0xx_HAL_Driver\Src\stm32l0xx_ll_lpuart.o
LL_LPUART_Init                                    Drivers\STM32L0xx_HAL_Driver\Src\stm32l0xx_ll_lpuart.o
LL_LPUART_StructInit                              Drivers\STM32L0xx_HAL_Driver\Src\stm32l0xx_ll_lpuart.o
LL_PLL_ConfigSystemClock_HSE                      Drivers\STM32L0xx_HAL_Driver\Src\stm32l0xx_ll_utils.o
LL_PLL_ConfigSystemClock_HSI                      Drivers\STM32L0xx_HAL_Driver\Src\stm32l0xx_ll_utils.o
LL_PWR_DeInit                                     Drivers\STM32L0xx_HAL_Driver\Src\stm32l0xx_ll_pwr.o
LL_RCC_DeInit                                     Drivers\STM32L0xx_HAL_Driver\Src\stm32l0xx_ll_rcc.o
LL_RCC_GetI2CClockFreq                            Drivers\STM32L0xx_HAL_Driver\Src\stm32l0xx_ll_rcc.o
LL_RCC_GetLPTIMClockFreq                          Drivers\STM32L0xx_HAL_Driver\Src\stm32l0xx_ll_rcc.o
LL_RCC_GetLPUARTClockFreq                         Drivers\STM32L0xx_HAL_Driver\Src\stm32l0xx_ll_rcc.o
                                                  Drivers\STM32L0xx_HAL_Driver\Src\stm32l0xx_ll_lpuart.o
LL_RCC_GetSystemClocksFreq                        Drivers\STM32L0xx_HAL_Driver\Src\stm32l0xx_ll_rcc.o
                                                  src\hw.o
                                                  Drivers\STM32L0xx_HAL_Driver\Src\stm32l0xx_ll_lptim.o
LL_RCC_GetUSARTClockFreq                          Drivers\STM32L0xx_HAL_Driver\Src\stm32l0xx_ll_rcc.o
                                                  Drivers\STM32L0xx_HAL_Driver\Src\stm32l0xx_ll_usart.o
LL_RTC_ALMA_Init                                  Drivers\STM32L0xx_HAL_Driver\Src\stm32l0xx_ll_rtc.o
LL_RTC_ALMA_StructInit                            Drivers\STM32L0xx_HAL_Driver\Src\stm32l0xx_ll_rtc.o
LL_RTC_ALMB_Init                                  Drivers\STM32L0xx_HAL_Driver\Src\stm32l0xx_ll_rtc.o
LL_RTC_ALMB_StructInit                            Drivers\STM32L0xx_HAL_Driver\Src\stm32l0xx_ll_rtc.o
LL_RTC_DATE_Init                                  Drivers\STM32L0xx_HAL_Driver\Src\stm32l0xx_ll_rtc.o
LL_RTC_DATE_StructInit                            Drivers\STM32L0xx_HAL_Driver\Src\stm32l0xx_ll_rtc.o
LL_RTC_DeInit                                     Drivers\STM32L0xx_HAL_Driver\Src\stm32l0xx_ll_rtc.o
LL_RTC_EnterInitMode                              Drivers\STM32L0xx_HAL_Driver\Src\stm32l0xx_ll_rtc.o
LL_RTC_ExitInitMode                               Drivers\STM32L0xx_HAL_Driver\Src\stm32l0xx_ll_rtc.o
LL_RTC_Init                                       Drivers\STM32L0xx_HAL_Driver\Src\stm32l0xx_ll_rtc.o
LL_RTC_StructInit                                 Drivers\STM32L0xx_HAL_Driver\Src\stm32l0xx_ll_rtc.o
LL_RTC_TIME_Init                                  Drivers\STM32L0xx_HAL_Driver\Src\stm32l0xx_ll_rtc.o
LL_RTC_TIME_StructInit                            Drivers\STM32L0xx_HAL_Driver\Src\stm32l0xx_ll_rtc.o
LL_RTC_WaitForSynchro                             Drivers\STM32L0xx_HAL_Driver\Src\stm32l0xx_ll_rtc.o
LL_SPI_DeInit                                     Drivers\STM32L0xx_HAL_Driver\Src\stm32l0xx_ll_spi.o
LL_SPI_Init                                       Drivers\STM32L0xx_HAL_Driver\Src\stm32l0xx_ll_spi.o
LL_SPI_StructInit                                 Drivers\STM32L0xx_HAL_Driver\Src\stm32l0xx_ll_spi.o
LL_SetSystemCoreClock                             Drivers\STM32L0xx_HAL_Driver\Src\stm32l0xx_ll_utils.o
LL_TIM_DeInit                                     Drivers\STM32L0xx_HAL_Driver\Src\stm32l0xx_ll_tim.o
LL_TIM_ENCODER_Init                               Drivers\STM32L0xx_HAL_Driver\Src\stm32l0xx_ll_tim.o
LL_TIM_ENCODER_StructInit                         Drivers\STM32L0xx_HAL_Driver\Src\stm32l0xx_ll_tim.o
LL_TIM_IC_Init                                    Drivers\STM32L0xx_HAL_Driver\Src\stm32l0xx_ll_tim.o
LL_TIM_IC_StructInit                              Drivers\STM32L0xx_HAL_Driver\Src\stm32l0xx_ll_tim.o
LL_TIM_Init                                       Drivers\STM32L0xx_HAL_Driver\Src\stm32l0xx_ll_tim.o
LL_TIM_OC_Init                                    Drivers\STM32L0xx_HAL_Driver\Src\stm32l0xx_ll_tim.o
LL_TIM_OC_StructInit                              Drivers\STM32L0xx_HAL_Driver\Src\stm32l0xx_ll_tim.o
LL_TIM_StructInit                                 Drivers\STM32L0xx_HAL_Driver\Src\stm32l0xx_ll_tim.o
LL_USART_ClockInit                                Drivers\STM32L0xx_HAL_Driver\Src\stm32l0xx_ll_usart.o
LL_USART_ClockStructInit                          Drivers\STM32L0xx_HAL_Driver\Src\stm32l0xx_ll_usart.o
LL_USART_DeInit                                   Drivers\STM32L0xx_HAL_Driver\Src\stm32l0xx_ll_usart.o
LL_USART_Init                                     Drivers\STM32L0xx_HAL_Driver\Src\stm32l0xx_ll_usart.o
LL_USART_StructInit                               Drivers\STM32L0xx_HAL_Driver\Src\stm32l0xx_ll_usart.o
LL_mDelay                                         Drivers\STM32L0xx_HAL_Driver\Src\stm32l0xx_ll_utils.o
LPTIM1_IRQHandler                                 startup\startup_stm32l011xx.o
LPUART1_IRQHandler                                startup\startup_stm32l011xx.o
NMI_Handler                                       startup\startup_stm32l011xx.o
PLLMulTable                                       startup\system_stm32l0xx.o
                                                  Drivers\STM32L0xx_HAL_Driver\Src\stm32l0xx_ll_utils.o
                                                  Drivers\STM32L0xx_HAL_Driver\Src\stm32l0xx_ll_rcc.o
PVD_IRQHandler                                    startup\startup_stm32l011xx.o
PendSV_Handler                                    startup\startup_stm32l011xx.o
RCC_GetHCLKClockFreq                              Drivers\STM32L0xx_HAL_Driver\Src\stm32l0xx_ll_rcc.o
RCC_GetPCLK1ClockFreq                             Drivers\STM32L0xx_HAL_Driver\Src\stm32l0xx_ll_rcc.o
RCC_GetPCLK2ClockFreq                             Drivers\STM32L0xx_HAL_Driver\Src\stm32l0xx_ll_rcc.o
RCC_GetSystemClockFreq                            Drivers\STM32L0xx_HAL_Driver\Src\stm32l0xx_ll_rcc.o
RCC_IRQHandler                                    startup\startup_stm32l011xx.o
RCC_PLL_GetFreqDomain_SYS                         Drivers\STM32L0xx_HAL_Driver\Src\stm32l0xx_ll_rcc.o
RTC_IRQHandler                                    startup\startup_stm32l011xx.o
Reset_Handler                                     startup\startup_stm32l011xx.o
SPI1_IRQHandler                                   startup\startup_stm32l011xx.o
SVC_Handler                                       startup\startup_stm32l011xx.o
SysTick_Handler                                   src\timer.o
SystemCoreClock                                   startup\system_stm32l0xx.o
                                                  src\timer.o
                                                  Drivers\STM32L0xx_HAL_Driver\Src\stm32l0xx_ll_utils.o
SystemCoreClockUpdate                             startup\system_stm32l0xx.o
                                                  src\timer.o
SystemInit                                        startup\system_stm32l0xx.o
                                                  startup\startup_stm32l011xx.o
TIM21_IRQHandler                                  startup\startup_stm32l011xx.o
TIM2_IRQHandler                                   src\hw.o
TimerUs_clear                                     src\timer.o
TimerUs_delay                                     src\timer.o
TimerUs_get_microseconds                          src\timer.o
TimerUs_init                                      src\timer.o
TimerUs_start                                     src\timer.o
TimerUs_stop                                      src\timer.o
Timer_Debounce                                    src\timer.o
                                                  src\app.o
Timer_DebounceInit                                src\timer.o
                                                  src\app.o
Timer_Delay_ms                                    src\timer.o
Timer_GetTicks_ms                                 src\timer.o
                                                  src\app.o
Timer_Init                                        src\timer.o
                                                  src\hw.o
Timer_SetSysTickCallback                          src\timer.o
                                                  src\app.o
USART2_IRQHandler                                 startup\startup_stm32l011xx.o
WWDG_IRQHandler                                   startup\startup_stm32l011xx.o
_AD_Init                                          src\hw.o
_App_SysTimerCallback                             src\app.o
_CalculateAdcVoltage                              src\hw.o
_FrameControl                                     src\app.o
_Gpio_Init                                        src\hw.o
_PwmInit                                          src\hw.o
_Sleep                                            src\app.o
__aeabi_idiv0                                     c:/program files (x86)/atollic/truestudio for stm32 9.3.0/armtools/bin/../lib/gcc/arm-atollic-eabi/6.3.1/armv6-m\libgcc.a(_dvmd_tls.o)
                                                  c:/program files (x86)/atollic/truestudio for stm32 9.3.0/armtools/bin/../lib/gcc/arm-atollic-eabi/6.3.1/armv6-m\libgcc.a(_udivsi3.o)
__aeabi_ldiv0                                     c:/program files (x86)/atollic/truestudio for stm32 9.3.0/armtools/bin/../lib/gcc/arm-atollic-eabi/6.3.1/armv6-m\libgcc.a(_dvmd_tls.o)
                                                  c:/program files (x86)/atollic/truestudio for stm32 9.3.0/armtools/bin/../lib/gcc/arm-atollic-eabi/6.3.1/armv6-m\libgcc.a(_aeabi_uldivmod.o)
__aeabi_uidiv                                     c:/program files (x86)/atollic/truestudio for stm32 9.3.0/armtools/bin/../lib/gcc/arm-atollic-eabi/6.3.1/armv6-m\libgcc.a(_udivsi3.o)
                                                  startup\system_stm32l0xx.o
                                                  src\timer.o
                                                  src\hw.o
                                                  Drivers\STM32L0xx_HAL_Driver\Src\stm32l0xx_ll_utils.o
                                                  Drivers\STM32L0xx_HAL_Driver\Src\stm32l0xx_ll_usart.o
                                                  Drivers\STM32L0xx_HAL_Driver\Src\stm32l0xx_ll_rtc.o
                                                  Drivers\STM32L0xx_HAL_Driver\Src\stm32l0xx_ll_rcc.o
__aeabi_uidivmod                                  c:/program files (x86)/atollic/truestudio for stm32 9.3.0/armtools/bin/../lib/gcc/arm-atollic-eabi/6.3.1/armv6-m\libgcc.a(_udivsi3.o)
                                                  src\app.o
                                                  Drivers\STM32L0xx_HAL_Driver\Src\stm32l0xx_ll_rtc.o
__aeabi_uldivmod                                  c:/program files (x86)/atollic/truestudio for stm32 9.3.0/armtools/bin/../lib/gcc/arm-atollic-eabi/6.3.1/armv6-m\libgcc.a(_aeabi_uldivmod.o)
                                                  Drivers\STM32L0xx_HAL_Driver\Src\stm32l0xx_ll_lpuart.o
__clzdi2                                          c:/program files (x86)/atollic/truestudio for stm32 9.3.0/armtools/bin/../lib/gcc/arm-atollic-eabi/6.3.1/armv6-m\libgcc.a(_clzdi2.o)
                                                  c:/program files (x86)/atollic/truestudio for stm32 9.3.0/armtools/bin/../lib/gcc/arm-atollic-eabi/6.3.1/armv6-m\libgcc.a(_udivmoddi4.o)
__clzsi2                                          c:/program files (x86)/atollic/truestudio for stm32 9.3.0/armtools/bin/../lib/gcc/arm-atollic-eabi/6.3.1/armv6-m\libgcc.a(_clzsi2.o)
                                                  c:/program files (x86)/atollic/truestudio for stm32 9.3.0/armtools/bin/../lib/gcc/arm-atollic-eabi/6.3.1/armv6-m\libgcc.a(_clzdi2.o)
__deregister_frame_info                           c:/program files (x86)/atollic/truestudio for stm32 9.3.0/armtools/bin/../lib/gcc/arm-atollic-eabi/6.3.1/armv6-m/crtbegin.o
__dso_handle                                      c:/program files (x86)/atollic/truestudio for stm32 9.3.0/armtools/bin/../lib/gcc/arm-atollic-eabi/6.3.1/armv6-m/crtbegin.o
__init_array_end                                  c:/program files (x86)/atollic/truestudio for stm32 9.3.0/armtools/bin/../lib/gcc/arm-atollic-eabi/6.3.1/../../../../arm-atollic-eabi/lib/armv6-m\libc_nano.a(lib_a-init.o)
__init_array_start                                c:/program files (x86)/atollic/truestudio for stm32 9.3.0/armtools/bin/../lib/gcc/arm-atollic-eabi/6.3.1/../../../../arm-atollic-eabi/lib/armv6-m\libc_nano.a(lib_a-init.o)
__libc_init_array                                 c:/program files (x86)/atollic/truestudio for stm32 9.3.0/armtools/bin/../lib/gcc/arm-atollic-eabi/6.3.1/../../../../arm-atollic-eabi/lib/armv6-m\libc_nano.a(lib_a-init.o)
                                                  startup\startup_stm32l011xx.o
__preinit_array_end                               c:/program files (x86)/atollic/truestudio for stm32 9.3.0/armtools/bin/../lib/gcc/arm-atollic-eabi/6.3.1/../../../../arm-atollic-eabi/lib/armv6-m\libc_nano.a(lib_a-init.o)
__preinit_array_start                             c:/program files (x86)/atollic/truestudio for stm32 9.3.0/armtools/bin/../lib/gcc/arm-atollic-eabi/6.3.1/../../../../arm-atollic-eabi/lib/armv6-m\libc_nano.a(lib_a-init.o)
__register_frame_info                             c:/program files (x86)/atollic/truestudio for stm32 9.3.0/armtools/bin/../lib/gcc/arm-atollic-eabi/6.3.1/armv6-m/crtbegin.o
__udivmoddi4                                      c:/program files (x86)/atollic/truestudio for stm32 9.3.0/armtools/bin/../lib/gcc/arm-atollic-eabi/6.3.1/armv6-m\libgcc.a(_udivmoddi4.o)
                                                  c:/program files (x86)/atollic/truestudio for stm32 9.3.0/armtools/bin/../lib/gcc/arm-atollic-eabi/6.3.1/armv6-m\libgcc.a(_aeabi_uldivmod.o)
__udivsi3                                         c:/program files (x86)/atollic/truestudio for stm32 9.3.0/armtools/bin/../lib/gcc/arm-atollic-eabi/6.3.1/armv6-m\libgcc.a(_udivsi3.o)
_ebss                                             startup\startup_stm32l011xx.o
_edata                                            startup\startup_stm32l011xx.o
_estack                                           startup\startup_stm32l011xx.o
_fini                                             c:/program files (x86)/atollic/truestudio for stm32 9.3.0/armtools/bin/../lib/gcc/arm-atollic-eabi/6.3.1/armv6-m/crti.o
_init                                             c:/program files (x86)/atollic/truestudio for stm32 9.3.0/armtools/bin/../lib/gcc/arm-atollic-eabi/6.3.1/armv6-m/crti.o
                                                  c:/program files (x86)/atollic/truestudio for stm32 9.3.0/armtools/bin/../lib/gcc/arm-atollic-eabi/6.3.1/../../../../arm-atollic-eabi/lib/armv6-m\libc_nano.a(lib_a-init.o)
_sbss                                             startup\startup_stm32l011xx.o
_sdata                                            startup\startup_stm32l011xx.o
_sidata                                           startup\startup_stm32l011xx.o
g_ButtonDeb                                       src\app.o
g_arrData                                         src\app.o
g_nButtonState                                    src\app.o
g_nMode                                           src\app.o
g_nOffInterval                                    src\app.o
g_pfnVectors                                      startup\startup_stm32l011xx.o
main                                              src\main.o
                                                  startup\startup_stm32l011xx.o
pSysTickCallback                                  src\timer.o
