stm32l0xx_ll_bus.h:440:22:LL_APB1_GRP1_EnableClock	24	static
stm32l0xx_ll_pwr.h:328:22:LL_PWR_SetRegulModeLP	16	static
stm32l0xx_ll_pwr.h:529:22:LL_PWR_EnableUltraLowPower	8	static
stm32l0xx_ll_pwr.h:705:22:LL_PWR_ClearFlag_WU	8	static
stm32l0xx_ll_cortex.h:310:22:LL_LPM_EnableDeepSleep	8	static
app.c:58:6:App_Init	8	static
app.c:79:6:App_Exec	24	static
app.c:136:6:_FrameControl	16	static
app.c:157:6:_Sleep	8	static
app.c:164:6:HW_SetLowPowerMode	16	static
app.c:189:6:App_TimCallback	8	static
app.c:199:6:_App_SysTimerCallback	8	static
