core_cm0plus.h:655:22:NVIC_EnableIRQ	16	static
core_cm0plus.h:722:22:NVIC_SetPriority	24	static
stm32l0xx_ll_bus.h:224:22:LL_AHB1_GRP1_EnableClock	24	static
stm32l0xx_ll_bus.h:276:22:LL_AHB1_GRP1_DisableClock	16	static
stm32l0xx_ll_bus.h:440:22:LL_APB1_GRP1_EnableClock	24	static
stm32l0xx_ll_bus.h:786:22:LL_APB2_GRP1_EnableClock	24	static
stm32l0xx_ll_bus.h:846:22:LL_APB2_GRP1_DisableClock	16	static
stm32l0xx_ll_bus.h:987:22:LL_IOP_GRP1_EnableClock	24	static
stm32l0xx_ll_system.h:825:22:LL_DBGMCU_APB1_GRP1_FreezePeriph	16	static
stm32l0xx_ll_gpio.h:270:22:LL_GPIO_SetPinMode	24	static
stm32l0xx_ll_gpio.h:338:22:LL_GPIO_SetPinOutputType	24	static
stm32l0xx_ll_gpio.h:478:22:LL_GPIO_SetPinPull	24	static
stm32l0xx_ll_adc.h:1735:22:LL_ADC_SetCommonFrequencyMode	16	static
stm32l0xx_ll_adc.h:1794:22:LL_ADC_SetCommonPathInternalCh	16	static
stm32l0xx_ll_adc.h:1867:22:LL_ADC_SetClock	16	static
stm32l0xx_ll_adc.h:2151:22:LL_ADC_SetSamplingTimeCommonChannels	16	static
stm32l0xx_ll_adc.h:2467:22:LL_ADC_REG_SetSequencerChannels	16	static
stm32l0xx_ll_adc.h:3135:22:LL_ADC_SetOverSamplingScope	16	static
stm32l0xx_ll_adc.h:3229:22:LL_ADC_ConfigOverSamplingRatioShift	24	static
stm32l0xx_ll_adc.h:3354:22:LL_ADC_Enable	16	static
stm32l0xx_ll_adc.h:3374:22:LL_ADC_Disable	16	static
stm32l0xx_ll_adc.h:3393:26:LL_ADC_IsEnabled	16	static
stm32l0xx_ll_adc.h:3481:22:LL_ADC_REG_StartConversion	16	static
stm32l0xx_ll_adc.h:3557:26:LL_ADC_REG_ReadConversionData12	16	static
stm32l0xx_ll_adc.h:3635:26:LL_ADC_IsActiveFlag_EOC	16	static
stm32l0xx_ll_adc.h:3800:22:LL_ADC_EnableIT_EOC	16	static
stm32l0xx_ll_tim.h:892:22:LL_TIM_EnableCounter	16	static
stm32l0xx_ll_tim.h:1172:22:LL_TIM_SetPrescaler	16	static
stm32l0xx_ll_tim.h:1197:22:LL_TIM_SetAutoReload	16	static
stm32l0xx_ll_tim.h:1261:22:LL_TIM_CC_EnableChannel	16	static
stm32l0xx_ll_tim.h:1364:22:LL_TIM_OC_SetMode	32	static
stm32l0xx_ll_tim.h:1417:22:LL_TIM_OC_SetPolarity	32	static
stm32l0xx_ll_tim.h:1526:22:LL_TIM_OC_EnablePreload	24	static
stm32l0xx_ll_tim.h:1672:22:LL_TIM_OC_SetCompareCH2	16	static
stm32l0xx_ll_tim.h:2781:22:LL_TIM_EnableIT_UPDATE	16	static
stm32l0xx_ll_tim.h:3191:22:LL_TIM_GenerateEvent_UPDATE	16	static
stm32l0xx_ll_rcc.h:1201:22:LL_RCC_MSI_SetRange	16	static
stm32l0xx_ll_pwr.h:272:22:LL_PWR_SetRegulVoltageScaling	16	static
stm32l0xx_ll_pwr.h:676:26:LL_PWR_IsActiveFlag_VOS	8	static
hw.c:47:6:HW_Init	8	static
hw.c:63:6:_AD_Init	8	static
hw.c:121:6:HW_AdcMeasure	16	static
hw.c:129:6:_Gpio_Init	8	static
hw.c:139:10:HW_GetTrueRandomNumber	24	static
hw.c:173:6:_PwmInit	24	static
hw.c:202:6:HW_PwmSet	16	static
hw.c:207:6:HW_LedOnOff	16	static
hw.c:212:6:HW_BatVoltageCtrl	16	static
hw.c:217:6:HW_SetTimCallback	16	static
hw.c:222:10:HW_GetBatVoltage	8	static
hw.c:227:6:ADC1_COMP_IRQHandler	8	static
hw.c:239:6:TIM2_IRQHandler	8	static
