core_cm0plus.h:655:22:NVIC_EnableIRQ	16	static
core_cm0plus.h:722:22:NVIC_SetPriority	24	static
stm32l0xx_ll_bus.h:440:22:LL_APB1_GRP1_EnableClock	24	static
stm32l0xx_ll_bus.h:786:22:LL_APB2_GRP1_EnableClock	24	static
stm32l0xx_ll_system.h:825:22:LL_DBGMCU_APB1_GRP1_FreezePeriph	16	static
stm32l0xx_ll_adc.h:1735:22:LL_ADC_SetCommonFrequencyMode	16	static
stm32l0xx_ll_adc.h:1794:22:LL_ADC_SetCommonPathInternalCh	16	static
stm32l0xx_ll_adc.h:1867:22:LL_ADC_SetClock	16	static
stm32l0xx_ll_adc.h:1949:22:LL_ADC_SetResolution	16	static
stm32l0xx_ll_adc.h:2056:22:LL_ADC_SetLowPowerMode	16	static
stm32l0xx_ll_adc.h:2151:22:LL_ADC_SetSamplingTimeCommonChannels	16	static
stm32l0xx_ll_adc.h:2467:22:LL_ADC_REG_SetSequencerChannels	16	static
stm32l0xx_ll_adc.h:3135:22:LL_ADC_SetOverSamplingScope	16	static
stm32l0xx_ll_adc.h:3229:22:LL_ADC_ConfigOverSamplingRatioShift	24	static
stm32l0xx_ll_adc.h:3354:22:LL_ADC_Enable	16	static
stm32l0xx_ll_adc.h:3481:22:LL_ADC_REG_StartConversion	16	static
stm32l0xx_ll_adc.h:3587:25:LL_ADC_REG_ReadConversionData8	16	static
stm32l0xx_ll_adc.h:3800:22:LL_ADC_EnableIT_EOC	16	static
stm32l0xx_ll_tim.h:892:22:LL_TIM_EnableCounter	16	static
stm32l0xx_ll_tim.h:903:22:LL_TIM_DisableCounter	16	static
stm32l0xx_ll_tim.h:1172:22:LL_TIM_SetPrescaler	16	static
stm32l0xx_ll_tim.h:1197:22:LL_TIM_SetAutoReload	16	static
stm32l0xx_ll_tim.h:1261:22:LL_TIM_CC_EnableChannel	16	static
stm32l0xx_ll_tim.h:1280:22:LL_TIM_CC_DisableChannel	16	static
stm32l0xx_ll_tim.h:1364:22:LL_TIM_OC_SetMode	32	static
stm32l0xx_ll_tim.h:1417:22:LL_TIM_OC_SetPolarity	32	static
stm32l0xx_ll_tim.h:1526:22:LL_TIM_OC_EnablePreload	24	static
stm32l0xx_ll_tim.h:1672:22:LL_TIM_OC_SetCompareCH2	16	static
stm32l0xx_ll_tim.h:2781:22:LL_TIM_EnableIT_UPDATE	16	static
stm32l0xx_ll_tim.h:3191:22:LL_TIM_GenerateEvent_UPDATE	16	static
stm32l0xx_ll_rcc.h:1201:22:LL_RCC_MSI_SetRange	16	static
stm32l0xx_ll_pwr.h:272:22:LL_PWR_SetRegulVoltageScaling	16	static
stm32l0xx_ll_pwr.h:483:22:LL_PWR_EnableWakeUpPin	16	static
stm32l0xx_ll_pwr.h:676:26:LL_PWR_IsActiveFlag_VOS	8	static
hw.c:65:6:HW_Init	8	static
hw.c:95:6:_AD_Init	8	static
hw.c:152:6:HW_StartAdc	8	static
hw.c:158:6:_Gpio_Init	16	static
hw.c:207:6:_PwmInit	24	static
hw.c:238:6:HW_PwmSet	16	static
hw.c:243:6:HW_PwmOn	8	static
hw.c:248:6:HW_PwmOff	8	static
hw.c:254:6:HW_LedOnOff	16	static
hw.c:259:6:HW_BatVoltageCtrl	16	static
hw.c:264:6:HW_IsButtonOn	8	static
hw.c:269:6:HW_SetTimCallback	16	static
hw.c:274:10:HW_GetBatVoltage	8	static
hw.c:279:10:HW_GetOptoVoltage	8	static
hw.c:284:6:_CalculateAdcVoltage	8	static
hw.c:295:6:HW_IsAdcConverted	8	static
hw.c:300:6:HW_ResetAdcConverted	8	static
hw.c:305:6:HW_SetWakeUpPin	8	static
hw.c:311:6:ADC1_COMP_IRQHandler	16	static
hw.c:323:6:TIM2_IRQHandler	8	static
