core_cm0plus.h:655:22:NVIC_EnableIRQ	16	static
core_cm0plus.h:722:22:NVIC_SetPriority	24	static
stm32l0xx_ll_bus.h:224:22:LL_AHB1_GRP1_EnableClock	24	static
stm32l0xx_ll_bus.h:276:22:LL_AHB1_GRP1_DisableClock	16	static
stm32l0xx_ll_bus.h:440:22:LL_APB1_GRP1_EnableClock	24	static
stm32l0xx_ll_bus.h:786:22:LL_APB2_GRP1_EnableClock	24	static
stm32l0xx_ll_bus.h:846:22:LL_APB2_GRP1_DisableClock	16	static
stm32l0xx_ll_bus.h:987:22:LL_IOP_GRP1_EnableClock	24	static
stm32l0xx_ll_system.h:825:22:LL_DBGMCU_APB1_GRP1_FreezePeriph	16	static
stm32l0xx_ll_gpio.h:270:22:LL_GPIO_SetPinMode	24	static
stm32l0xx_ll_gpio.h:338:22:LL_GPIO_SetPinOutputType	24	static
stm32l0xx_ll_adc.h:1794:22:LL_ADC_SetCommonPathInternalCh	16	static
stm32l0xx_ll_adc.h:1867:22:LL_ADC_SetClock	16	static
stm32l0xx_ll_adc.h:2151:22:LL_ADC_SetSamplingTimeCommonChannels	16	static
stm32l0xx_ll_adc.h:3354:22:LL_ADC_Enable	16	static
stm32l0xx_ll_adc.h:3374:22:LL_ADC_Disable	16	static
stm32l0xx_ll_adc.h:3393:26:LL_ADC_IsEnabled	16	static
stm32l0xx_ll_adc.h:3481:22:LL_ADC_REG_StartConversion	16	static
stm32l0xx_ll_adc.h:3557:26:LL_ADC_REG_ReadConversionData12	16	static
stm32l0xx_ll_adc.h:3635:26:LL_ADC_IsActiveFlag_EOC	16	static
hw.c:40:6:HW_Init	8	static
hw.c:47:6:HW_LedOnOff	16	static
hw.c:51:6:_AD_Init	8	static
hw.c:99:6:_Gpio_Init	8	static
hw.c:114:10:HW_GetTrueRandomNumber	24	static
hw.c:148:6:_PwmInit	32	static
hw.c:186:6:HW_PwmSet	16	static
hw.c:191:6:HW_SetTimCallback	16	static
hw.c:196:6:TIM3_IRQHandler	8	static
