core_cm0plus.h:722:22:NVIC_SetPriority	24	static
core_cm0plus.h:796:26:SysTick_Config	16	static
timer.c:20:6:Timer_Init	8	static
timer.c:31:6:Timer_Delay_ms	16	static
timer.c:37:14:Timer_GetTicks_ms	12	static
timer.c:42:6:Timer_SetSysTickCallback	16	static
timer.c:47:6:SysTick_Handler	16	static
timer.c:63:6:TimerUs_init	8	static
timer.c:69:6:TimerUs_start	16	static
timer.c:77:10:TimerUs_get_microseconds	8	static
timer.c:82:6:TimerUs_delay	24	static
timer.c:91:6:TimerUs_clear	8	static
timer.c:96:6:TimerUs_stop	8	static
