core_cm0plus.h:722:22:NVIC_SetPriority	24	static
core_cm0plus.h:796:26:SysTick_Config	16	static
timer.c:21:6:Timer_Init	8	static
timer.c:33:6:Timer_Delay_ms	16	static
timer.c:39:14:Timer_GetTicks_ms	12	static
timer.c:44:6:Timer_SetSysTickCallback	16	static
timer.c:49:6:SysTick_Handler	16	static
timer.c:65:6:TimerUs_init	8	static
timer.c:71:6:TimerUs_start	16	static
timer.c:79:10:TimerUs_get_microseconds	8	static
timer.c:84:6:TimerUs_delay	24	static
timer.c:93:6:TimerUs_clear	8	static
timer.c:98:6:TimerUs_stop	8	static
timer.c:103:6:Timer_DebounceInit	32	static
timer.c:110:10:Timer_Debounce	40	static
